Component: ARM Compiler 5.06 update 7 (build 960) Tool: armlink [4d3601]

==============================================================================

Section Cross References

    startup_stm32l475xx.o(STACK) refers (Special) to heapauxi.o(.text) for __use_two_region_memory
    startup_stm32l475xx.o(HEAP) refers (Special) to heapauxi.o(.text) for __use_two_region_memory
    startup_stm32l475xx.o(RESET) refers (Special) to heapauxi.o(.text) for __use_two_region_memory
    startup_stm32l475xx.o(RESET) refers to startup_stm32l475xx.o(STACK) for __initial_sp
    startup_stm32l475xx.o(RESET) refers to startup_stm32l475xx.o(.text) for Reset_Handler
    startup_stm32l475xx.o(RESET) refers to stm32l4xx_it.o(i.NMI_Handler) for NMI_Handler
    startup_stm32l475xx.o(RESET) refers to stm32l4xx_it.o(i.HardFault_Handler) for HardFault_Handler
    startup_stm32l475xx.o(RESET) refers to stm32l4xx_it.o(i.MemManage_Handler) for MemManage_Handler
    startup_stm32l475xx.o(RESET) refers to stm32l4xx_it.o(i.BusFault_Handler) for BusFault_Handler
    startup_stm32l475xx.o(RESET) refers to stm32l4xx_it.o(i.UsageFault_Handler) for UsageFault_Handler
    startup_stm32l475xx.o(RESET) refers to stm32l4xx_it.o(i.SVC_Handler) for SVC_Handler
    startup_stm32l475xx.o(RESET) refers to stm32l4xx_it.o(i.DebugMon_Handler) for DebugMon_Handler
    startup_stm32l475xx.o(RESET) refers to stm32l4xx_it.o(i.PendSV_Handler) for PendSV_Handler
    startup_stm32l475xx.o(RESET) refers to stm32l4xx_it.o(i.SysTick_Handler) for SysTick_Handler
    startup_stm32l475xx.o(RESET) refers to stm32l4xx_it.o(i.EXTI3_IRQHandler) for EXTI3_IRQHandler
    startup_stm32l475xx.o(.text) refers (Special) to heapauxi.o(.text) for __use_two_region_memory
    startup_stm32l475xx.o(.text) refers to system_stm32l4xx.o(i.SystemInit) for SystemInit
    startup_stm32l475xx.o(.text) refers to __main.o(!!!main) for __main
    startup_stm32l475xx.o(.text) refers to startup_stm32l475xx.o(HEAP) for Heap_Mem
    startup_stm32l475xx.o(.text) refers to startup_stm32l475xx.o(STACK) for Stack_Mem
    main.o(i.SD_ErrorMessage) refers to main.o(i.send_uart) for send_uart
    main.o(i.SD_ErrorMessage) refers to main.o(.conststring) for .conststring
    main.o(i.SystemClock_Config) refers to rt_memclr_w.o(.text) for __aeabi_memclr4
    main.o(i.SystemClock_Config) refers to stm32l4xx_hal_pwr_ex.o(i.HAL_PWREx_ControlVoltageScaling) for HAL_PWREx_ControlVoltageScaling
    main.o(i.SystemClock_Config) refers to stm32l4xx_hal_pwr.o(i.HAL_PWR_EnableBkUpAccess) for HAL_PWR_EnableBkUpAccess
    main.o(i.SystemClock_Config) refers to stm32l4xx_hal_rcc.o(i.HAL_RCC_OscConfig) for HAL_RCC_OscConfig
    main.o(i.SystemClock_Config) refers to stm32l4xx_hal_rcc.o(i.HAL_RCC_ClockConfig) for HAL_RCC_ClockConfig
    main.o(i.SystemClock_Config) refers to stm32l4xx_hal_rcc_ex.o(i.HAL_RCCEx_EnableMSIPLLMode) for HAL_RCCEx_EnableMSIPLLMode
    main.o(i.main) refers to _printf_pad.o(.text) for _printf_pre_padding
    main.o(i.main) refers to _printf_percent.o(.ARM.Collect$$_printf_percent$$00000000) for _printf_percent
    main.o(i.main) refers to _printf_d.o(.ARM.Collect$$_printf_percent$$00000009) for _printf_d
    main.o(i.main) refers to _printf_dec.o(.text) for _printf_int_dec
    main.o(i.main) refers to stm32l4xx_hal.o(i.HAL_Init) for HAL_Init
    main.o(i.main) refers to main.o(i.SystemClock_Config) for SystemClock_Config
    main.o(i.main) refers to gpio.o(i.MX_GPIO_Init) for MX_GPIO_Init
    main.o(i.main) refers to usart.o(i.MX_USART1_UART_Init) for MX_USART1_UART_Init
    main.o(i.main) refers to spi.o(i.MX_SPI1_Init) for MX_SPI1_Init
    main.o(i.main) refers to rtc.o(i.MX_RTC_Init) for MX_RTC_Init
    main.o(i.main) refers to spi.o(i.MX_SPI2_Init) for MX_SPI2_Init
    main.o(i.main) refers to fatfs.o(i.MX_FATFS_Init) for MX_FATFS_Init
    main.o(i.main) refers to tim.o(i.MX_TIM2_Init) for MX_TIM2_Init
    main.o(i.main) refers to ff.o(i.f_mount) for f_mount
    main.o(i.main) refers to noretval__2sprintf.o(.text) for __2sprintf
    main.o(i.main) refers to ff.o(i.f_mkdir) for f_mkdir
    main.o(i.main) refers to ff.o(i.f_chdir) for f_chdir
    main.o(i.main) refers to ads1298.o(i.ADS_Init) for ADS_Init
    main.o(i.main) refers to ads1298.o(i.ADS_Data_Receive) for ADS_Data_Receive
    main.o(i.main) refers to stm32l4xx_hal_rtc.o(i.HAL_RTC_GetTime) for HAL_RTC_GetTime
    main.o(i.main) refers to ff.o(i.f_open) for f_open
    main.o(i.main) refers to ff.o(i.f_lseek) for f_lseek
    main.o(i.main) refers to ff.o(i.f_write) for f_write
    main.o(i.main) refers to ff.o(i.f_close) for f_close
    main.o(i.main) refers to main.o(i.send_uart) for send_uart
    main.o(i.main) refers to ads1298.o(i.ADS_Start) for ADS_Start
    main.o(i.main) refers to ads1298.o(i.ADS_ChipSelect) for ADS_ChipSelect
    main.o(i.main) refers to main.o(.bss) for .bss
    main.o(i.main) refers to main.o(.data) for .data
[...]
    TIM_OC5_SetConfig                        0x08003abd   Thumb Code    86  stm32l4xx_hal_tim.o(i.TIM_OC5_SetConfig)
    i.TIM_OC6_SetConfig                      0x08003b2c   Section        0  stm32l4xx_hal_tim.o(i.TIM_OC6_SetConfig)
    TIM_OC6_SetConfig                        0x08003b2d   Thumb Code    88  stm32l4xx_hal_tim.o(i.TIM_OC6_SetConfig)
    i.TIM_TI1_ConfigInputStage               0x08003b9c   Section        0  stm32l4xx_hal_tim.o(i.TIM_TI1_ConfigInputStage)
    TIM_TI1_ConfigInputStage                 0x08003b9d   Thumb Code    34  stm32l4xx_hal_tim.o(i.TIM_TI1_ConfigInputStage)
    i.TIM_TI2_ConfigInputStage               0x08003bbe   Section        0  stm32l4xx_hal_tim.o(i.TIM_TI2_ConfigInputStage)
    TIM_TI2_ConfigInputStage                 0x08003bbf   Thumb Code    36  stm32l4xx_hal_tim.o(i.TIM_TI2_ConfigInputStage)
    i.UART_AdvFeatureConfig                  0x08003be2   Section        0  stm32l4xx_hal_uart.o(i.UART_AdvFeatureConfig)
    i.UART_CheckIdleState                    0x08003caa   Section        0  stm32l4xx_hal_uart.o(i.UART_CheckIdleState)
    i.UART_SetConfig                         0x08003d08   Section        0  stm32l4xx_hal_uart.o(i.UART_SetConfig)
    i.UART_WaitOnFlagUntilTimeout            0x08003f50   Section        0  stm32l4xx_hal_uart.o(i.UART_WaitOnFlagUntilTimeout)
    i.USER_initialize                        0x08004016   Section        0  user_diskio.o(i.USER_initialize)
    i.USER_ioctl                             0x0800401a   Section        0  user_diskio.o(i.USER_ioctl)
    i.USER_read                              0x0800401e   Section        0  user_diskio.o(i.USER_read)
    i.USER_status                            0x08004022   Section        0  user_diskio.o(i.USER_status)
    i.USER_write                             0x08004026   Section        0  user_diskio.o(i.USER_write)
    i.UsageFault_Handler                     0x0800402a   Section        0  stm32l4xx_it.o(i.UsageFault_Handler)
    i.__NVIC_SetPriority                     0x0800402c   Section        0  stm32l4xx_hal_cortex.o(i.__NVIC_SetPriority)
    __NVIC_SetPriority                       0x0800402d   Thumb Code    32  stm32l4xx_hal_cortex.o(i.__NVIC_SetPriority)
    i._is_digit                              0x0800404c   Section        0  __printf_wp.o(i._is_digit)
    i.check_fs                               0x0800405c   Section        0  ff.o(i.check_fs)
    check_fs                                 0x0800405d   Thumb Code   102  ff.o(i.check_fs)
    i.chk_chr                                0x080040cc   Section        0  ff.o(i.chk_chr)
    chk_chr                                  0x080040cd   Thumb Code    16  ff.o(i.chk_chr)
    i.chk_lock                               0x080040dc   Section        0  ff.o(i.chk_lock)
    chk_lock                                 0x080040dd   Thumb Code    86  ff.o(i.chk_lock)
    i.clear_lock                             0x08004138   Section        0  ff.o(i.clear_lock)
    clear_lock                               0x08004139   Thumb Code    28  ff.o(i.clear_lock)
    i.clmt_clust                             0x08004158   Section        0  ff.o(i.clmt_clust)
    clmt_clust                               0x08004159   Thumb Code    36  ff.o(i.clmt_clust)
    i.clust2sect                             0x0800417c   Section        0  ff.o(i.clust2sect)
    clust2sect                               0x0800417d   Thumb Code    24  ff.o(i.clust2sect)
    i.cmp_lfn                                0x08004194   Section        0  ff.o(i.cmp_lfn)
    cmp_lfn                                  0x08004195   Thumb Code   124  ff.o(i.cmp_lfn)
    i.create_chain                           0x0800421a   Section        0  ff.o(i.create_chain)
    create_chain                             0x0800421b   Thumb Code   164  ff.o(i.create_chain)
    i.create_name                            0x080042c0   Section        0  ff.o(i.create_name)
    create_name                              0x080042c1   Thumb Code   554  ff.o(i.create_name)
    i.dec_lock                               0x0800450c   Section        0  ff.o(i.dec_lock)
    dec_lock                                 0x0800450d   Thumb Code    48  ff.o(i.dec_lock)
    i.dir_find                               0x08004540   Section        0  ff.o(i.dir_find)
    dir_find                                 0x08004541   Thumb Code   208  ff.o(i.dir_find)
    i.dir_next                               0x08004610   Section        0  ff.o(i.dir_next)
    dir_next                                 0x08004611   Thumb Code   244  ff.o(i.dir_next)
    i.dir_register                           0x08004704   Section        0  ff.o(i.dir_register)
    dir_register                             0x08004705   Thumb Code   480  ff.o(i.dir_register)
    i.dir_sdi                                0x080048ee   Section        0  ff.o(i.dir_sdi)
    dir_sdi                                  0x080048ef   Thumb Code   130  ff.o(i.dir_sdi)
    i.disk_initialize                        0x08004970   Section        0  diskio.o(i.disk_initialize)
    i.disk_ioctl                             0x08004998   Section        0  diskio.o(i.disk_ioctl)
    i.disk_read                              0x080049b4   Section        0  diskio.o(i.disk_read)
    i.disk_status                            0x080049d0   Section        0  diskio.o(i.disk_status)
    i.disk_write                             0x080049e8   Section        0  diskio.o(i.disk_write)
    i.f_chdir                                0x08004a04   Section        0  ff.o(i.f_chdir)
    i.f_close                                0x08004a56   Section        0  ff.o(i.f_close)
    i.f_lseek                                0x08004a7e   Section        0  ff.o(i.f_lseek)
    i.f_mkdir                                0x08004c98   Section        0  ff.o(i.f_mkdir)
    i.f_mount                                0x08004dfc   Section        0  ff.o(i.f_mount)
    i.f_open                                 0x08004e54   Section        0  ff.o(i.f_open)
    i.f_sync                                 0x08005060   Section        0  ff.o(i.f_sync)
    i.f_write                                0x080050ee   Section        0  ff.o(i.f_write)
    i.ff_convert                             0x08005284   Section        0  ccsbcs.o(i.ff_convert)
    i.ff_wtoupper                            0x080052bc   Section        0  ccsbcs.o(i.ff_wtoupper)
    i.find_volume                            0x0800533c   Section        0  ff.o(i.find_volume)
    find_volume                              0x0800533d   Thumb Code   590  ff.o(i.find_volume)
    i.follow_path                            0x0800559c   Section        0  ff.o(i.follow_path)
    follow_path                              0x0800559d   Thumb Code   148  ff.o(i.follow_path)
    i.gen_numname                            0x08005630   Section        0  ff.o(i.gen_numname)
    gen_numname                              0x08005631   Thumb Code   122  ff.o(i.gen_numname)
    i.get_fat                                0x080056b0   Section        0  ff.o(i.get_fat)
    get_fat                                  0x080056b1   Thumb Code   190  ff.o(i.get_fat)
    i.get_fattime                            0x0800576e   Section        0  fatfs.o(i.get_fattime)
    i.get_ldnumber                           0x08005772   Section        0  ff.o(i.get_ldnumber)
    get_ldnumber                             0x08005773   Thumb Code    60  ff.o(i.get_ldnumber)
    i.inc_lock                               0x080057b0   Section        0  ff.o(i.inc_lock)
    inc_lock                                 0x080057b1   Thumb Code   124  ff.o(i.inc_lock)
    i.ld_clust                               0x08005830   Section        0  ff.o(i.ld_clust)
    ld_clust                                 0x08005831   Thumb Code    38  ff.o(i.ld_clust)
    i.ld_dword                               0x08005856   Section        0  ff.o(i.ld_dword)
    ld_dword                                 0x08005857   Thumb Code    22  ff.o(i.ld_dword)
    i.ld_word                                0x0800586c   Section        0  ff.o(i.ld_word)
    ld_word                                  0x0800586d   Thumb Code    10  ff.o(i.ld_word)
    i.main                                   0x08005878   Section        0  main.o(i.main)
    i.mem_cpy                                0x080059f0   Section        0  ff.o(i.mem_cpy)
    mem_cpy                                  0x080059f1   Thumb Code    18  ff.o(i.mem_cpy)
    i.mem_set                                0x08005a04   Section        0  ff.o(i.mem_set)
    mem_set                                  0x08005a05   Thumb Code    14  ff.o(i.mem_set)
    i.move_window                            0x08005a12   Section        0  ff.o(i.move_window)
    move_window                              0x08005a13   Thumb Code    50  ff.o(i.move_window)
    i.put_fat                                0x08005a44   Section        0  ff.o(i.put_fat)
    put_fat                                  0x08005a45   Thumb Code   234  ff.o(i.put_fat)
    i.remove_chain                           0x08005b2e   Section        0  ff.o(i.remove_chain)
    remove_chain                             0x08005b2f   Thumb Code   116  ff.o(i.remove_chain)
    i.send_uart                              0x08005ba4   Section        0  main.o(i.send_uart)
    i.st_clust                               0x08005bc4   Section        0  ff.o(i.st_clust)
    st_clust                                 0x08005bc5   Thumb Code    40  ff.o(i.st_clust)
    i.st_dword                               0x08005bec   Section        0  ff.o(i.st_dword)
    st_dword                                 0x08005bed   Thumb Code    16  ff.o(i.st_dword)
    i.st_word                                0x08005bfc   Section        0  ff.o(i.st_word)
    st_word                                  0x08005bfd   Thumb Code     8  ff.o(i.st_word)
    i.sum_sfn                                0x08005c04   Section        0  ff.o(i.sum_sfn)
    sum_sfn                                  0x08005c05   Thumb Code    26  ff.o(i.sum_sfn)
    i.sync_fs                                0x08005c20   Section        0  ff.o(i.sync_fs)
    sync_fs                                  0x08005c21   Thumb Code   126  ff.o(i.sync_fs)
    i.sync_window                            0x08005ca8   Section        0  ff.o(i.sync_window)
    sync_window                              0x08005ca9   Thumb Code    82  ff.o(i.sync_window)
    i.validate                               0x08005cfa   Section        0  ff.o(i.validate)
    validate                                 0x08005cfb   Thumb Code    52  ff.o(i.validate)
    i.xchg_spi                               0x08005d30   Section        0  fatfs_sd.o(i.xchg_spi)
    xchg_spi                                 0x08005d31   Thumb Code    26  fatfs_sd.o(i.xchg_spi)
    x$fpl$fpinit                             0x08005d50   Section       10  fpinit.o(x$fpl$fpinit)
    $v0                                      0x08005d50   Number         0  fpinit.o(x$fpl$fpinit)
    .constdata                               0x08005d5c   Section       64  system_stm32l4xx.o(.constdata)
    .constdata                               0x08005d9c   Section        8  system_stm32l4xx.o(.constdata)
    .constdata                               0x08005da4   Section      170  ff.o(.constdata)
    ExCvt                                    0x08005da4   Data         128  ff.o(.constdata)
    LfnOfs                                   0x08005e24   Data          13  ff.o(.constdata)
    cst                                      0x08005e32   Data          14  ff.o(.constdata)
    cst32                                    0x08005e40   Data          14  ff.o(.constdata)
    .constdata                               0x08005e4e   Section      942  ccsbcs.o(.constdata)
    Tbl                                      0x08005e4e   Data         256  ccsbcs.o(.constdata)
    cvt1                                     0x08005f4e   Data         498  ccsbcs.o(.constdata)
    cvt2                                     0x08006140   Data         188  ccsbcs.o(.constdata)
    .constdata                               0x080061fc   Section       17  __printf_flags_wp.o(.constdata)
    maptable                                 0x080061fc   Data          17  __printf_flags_wp.o(.constdata)
    .data                                    0x10000000   Section        4  main.o(.data)
    .data                                    0x10000004   Section       16  main.o(.data)
    .data                                    0x10000014   Section        4  main.o(.data)
    .data                                    0x10000018   Section        6  stm32l4xx_it.o(.data)
    .data                                    0x10000020   Section       20  user_diskio.o(.data)
    .data                                    0x10000034   Section        5  fatfs.o(.data)
    .data                                    0x1000003c   Section       12  stm32l4xx_hal.o(.data)
    .data                                    0x10000048   Section        4  system_stm32l4xx.o(.data)
    .data                                    0x1000004c   Section        8  ff.o(.data)
    Fsid                                     0x1000004c   Data           2  ff.o(.data)
    FatFs                                    0x10000050   Data           4  ff.o(.data)
    .data                                    0x10000054   Section       29  ads1298.o(.data)
    .data                                    0x10000071   Section        3  fatfs_sd.o(.data)
    Stat                                     0x10000071   Data           1  fatfs_sd.o(.data)
    PowerFlag                                0x10000072   Data           1  fatfs_sd.o(.data)
    CardType                                 0x10000073   Data           1  fatfs_sd.o(.data)
    .bss                                     0x10000074   Section       36  rtc.o(.bss)
    .bss                                     0x10000098   Section      200  spi.o(.bss)
    .bss                                     0x10000160   Section       76  tim.o(.bss)
    .bss                                     0x100001ac   Section      132  usart.o(.bss)
    .bss                                     0x10000230   Section      544  ff.o(.bss)
    Files                                    0x10000230   Data          32  ff.o(.bss)
    LfnBuf                                   0x10000250   Data         512  ff.o(.bss)
    .bss                                     0x10000450   Section       12  ff_gen_drv.o(.bss)
    .bss                                     0x1000045c   Section       96  libspace.o(.bss)
    HEAP                                     0x100004c0   Section      512  startup_stm32l475xx.o(HEAP)
    Heap_Mem                                 0x100004c0   Data         512  startup_stm32l475xx.o(HEAP)
    STACK                                    0x100006c0   Section     1024  startup_stm32l475xx.o(STACK)
    Stack_Mem                                0x100006c0   Data        1024  startup_stm32l475xx.o(STACK)
    __initial_sp                             0x10000ac0   Data           0  startup_stm32l475xx.o(STACK)
    .bss                                     0x20000000   Section    27000  main.o(.bss)
    .bss                                     0x20006978   Section    55188  main.o(.bss)

    Global Symbols

    Symbol Name                              Value     Ov Type        Size  Object(Section)

    BuildAttributes$$THM_ISAv4$E$P$D$K$B$S$7EM$VFPi3$EXTD16$VFPS$VFMA$PE$A:L22UL41UL21$X:L11$S22US41US21$IEEE1$IW$USESV6$~STKCKD$USESV7$~SHL$OSPACE$ROPI$EBA8$UX$STANDARDLIB$REQ8$PRES8$EABIv2 0x00000000   Number         0  anon$$obj.o ABSOLUTE
    __ARM_use_no_argv                        0x00000000   Number         0  main.o ABSOLUTE
    _printf_flags                            0x00000000   Number         0  printf_stubs.o ABSOLUTE
    _printf_return_value                     0x00000000   Number         0  printf_stubs.o ABSOLUTE
    _printf_sizespec                         0x00000000   Number         0  printf_stubs.o ABSOLUTE
    _printf_widthprec                        0x00000000   Number         0  printf_stubs.o ABSOLUTE
    __ARM_exceptions_init                     - Undefined Weak Reference
    __alloca_initialize                       - Undefined Weak Reference
    __arm_fini_                               - Undefined Weak Reference
    __arm_preinit_                            - Undefined Weak Reference
    __cpp_initialize__aeabi_                  - Undefined Weak Reference
    __cxa_finalize                            - Undefined Weak Reference
    __rt_locale                               - Undefined Weak Reference
    __sigvec_lookup                           - Undefined Weak Reference
    _atexit_init                              - Undefined Weak Reference
    _call_atexit_fns                          - Undefined Weak Reference
    _clock_init                               - Undefined Weak Reference
    _fp_trap_init                             - Undefined Weak Reference
    _fp_trap_shutdown                         - Undefined Weak Reference
    _get_lc_collate                           - Undefined Weak Reference
    _get_lc_ctype                             - Undefined Weak Reference
    _get_lc_monetary                          - Undefined Weak Reference
    _get_lc_numeric                           - Undefined Weak Reference
    _get_lc_time                              - Undefined Weak Reference
    _getenv_init                              - Undefined Weak Reference
    _handle_redirection                       - Undefined Weak Reference
    _init_alloc                               - Undefined Weak Reference
    _init_user_alloc                          - Undefined Weak Reference
    _initio                                   - Undefined Weak Reference
    _printf_truncate_signed                   - Undefined Weak Reference
    _printf_truncate_unsigned                 - Undefined Weak Reference
    _rand_init                                - Undefined Weak Reference
    _signal_finish                            - Undefined Weak Reference
    _signal_init                              - Undefined Weak Reference
    _terminate_alloc                          - Undefined Weak Reference
    _terminate_user_alloc                     - Undefined Weak Reference
    _terminateio                              - Undefined Weak Reference
    __Vectors_Size                           0x00000188   Number         0  startup_stm32l475xx.o ABSOLUTE
    __Vectors                                0x08000000   Data           4  startup_stm32l475xx.o(RESET)
    __Vectors_End                            0x08000188   Data           0  startup_stm32l475xx.o(RESET)
    __main                                   0x08000189   Thumb Code     8  __main.o(!!!main)
    __scatterload                            0x08000191   Thumb Code     0  __scatter.o(!!!scatter)
    __scatterload_rt2                        0x08000191   Thumb Code    44  __scatter.o(!!!scatter)
    __scatterload_rt2_thumb_only             0x08000191   Thumb Code     0  __scatter.o(!!!scatter)
    __scatterload_null                       0x0800019f   Thumb Code     0  __scatter.o(!!!scatter)
    __scatterload_copy                       0x080001c5   Thumb Code    26  __scatter_copy.o(!!handler_copy)
    __scatterload_zeroinit                   0x080001e1   Thumb Code    28  __scatter_zi.o(!!handler_zi)
    _printf_d                                0x080001fd   Thumb Code     0  _printf_d.o(.ARM.Collect$$_printf_percent$$00000009)
    _printf_percent                          0x080001fd   Thumb Code     0  _printf_percent.o(.ARM.Collect$$_printf_percent$$00000000)
    _printf_percent_end                      0x08000203   Thumb Code     0  _printf_percent_end.o(.ARM.Collect$$_printf_percent$$00000017)
    __rt_lib_init                            0x08000207   Thumb Code     0  libinit.o(.ARM.Collect$$libinit$$00000000)
    __rt_lib_init_fp_1                       0x08000209   Thumb Code     0  libinit2.o(.ARM.Collect$$libinit$$00000001)
    __rt_lib_init_alloca_1                   0x0800020d   Thumb Code     0  libinit2.o(.ARM.Collect$$libinit$$0000002E)
    __rt_lib_init_argv_1                     0x0800020d   Thumb Code     0  libinit2.o(.ARM.Collect$$libinit$$0000002C)
    __rt_lib_init_atexit_1                   0x0800020d   Thumb Code     0  libinit2.o(.ARM.Collect$$libinit$$0000001B)
    __rt_lib_init_clock_1                    0x0800020d   Thumb Code     0  libinit2.o(.ARM.Collect$$libinit$$00000021)
    __rt_lib_init_cpp_1                      0x0800020d   Thumb Code     0  libinit2.o(.ARM.Collect$$libinit$$00000032)
    __rt_lib_init_exceptions_1               0x0800020d   Thumb Code     0  libinit2.o(.ARM.Collect$$libinit$$00000030)
    __rt_lib_init_fp_trap_1                  0x0800020d   Thumb Code     0  libinit2.o(.ARM.Collect$$libinit$$0000001F)
    __rt_lib_init_getenv_1                   0x0800020d   Thumb Code     0  libinit2.o(.ARM.Collect$$libinit$$00000023)
    __rt_lib_init_heap_1                     0x0800020d   Thumb Code     0  libinit2.o(.ARM.Collect$$libinit$$0000000A)
    __rt_lib_init_lc_collate_1               0x0800020d   Thumb Code     0  libinit2.o(.ARM.Collect$$libinit$$00000011)
    __rt_lib_init_lc_ctype_1                 0x0800020d   Thumb Code     0  libinit2.o(.ARM.Collect$$libinit$$00000013)
    __rt_lib_init_lc_monetary_1              0x0800020d   Thumb Code     0  libinit2.o(.ARM.Collect$$libinit$$00000015)
    __rt_lib_init_lc_numeric_1               0x0800020d   Thumb Code     0  libinit2.o(.ARM.Collect$$libinit$$00000017)
    __rt_lib_init_lc_time_1                  0x0800020d   Thumb Code     0  libinit2.o(.ARM.Collect$$libinit$$00000019)
    __rt_lib_init_preinit_1                  0x0800020d   Thumb Code     0  libinit2.o(.ARM.Collect$$libinit$$00000004)
    __rt_lib_init_rand_1                     0x0800020d   Thumb Code     0  libinit2.o(.ARM.Collect$$libinit$$0000000E)
    __rt_lib_init_return                     0x0800020d   Thumb Code     0  libinit2.o(.ARM.Collect$$libinit$$00000033)
    __rt_lib_init_signal_1                   0x0800020d   Thumb Code     0  libinit2.o(.ARM.Collect$$libinit$$0000001D)
    __rt_lib_init_stdio_1                    0x0800020d   Thumb Code     0  libinit2.o(.ARM.Collect$$libinit$$00000025)
    __rt_lib_init_user_alloc_1               0x0800020d   Thumb Code     0  libinit2.o(.ARM.Collect$$libinit$$0000000C)
    __rt_lib_shutdown                        0x0800020f   Thumb Code     0  libshutdown.o(.ARM.Collect$$libshutdown$$00000000)
    __rt_lib_shutdown_cpp_1                  0x08000211   Thumb Code     0  libshutdown2.o(.ARM.Collect$$libshutdown$$00000004)
    __rt_lib_shutdown_fini_1                 0x08000211   Thumb Code     0  libshutdown2.o(.ARM.Collect$$libshutdown$$00000002)
    __rt_lib_shutdown_fp_trap_1              0x08000211   Thumb Code     0  libshutdown2.o(.ARM.Collect$$libshutdown$$00000009)
    __rt_lib_shutdown_heap_1                 0x08000211   Thumb Code     0  libshutdown2.o(.ARM.Collect$$libshutdown$$00000011)
    __rt_lib_shutdown_return                 0x08000211   Thumb Code     0  libshutdown2.o(.ARM.Collect$$libshutdown$$00000012)
    __rt_lib_shutdown_signal_1               0x08000211   Thumb Code     0  libshutdown2.o(.ARM.Collect$$libshutdown$$0000000C)
    __rt_lib_shutdown_stdio_1                0x08000211   Thumb Code     0  libshutdown2.o(.ARM.Collect$$libshutdown$$00000006)
    __rt_lib_shutdown_user_alloc_1           0x08000211   Thumb Code     0  libshutdown2.o(.ARM.Collect$$libshutdown$$0000000E)
    __rt_entry                               0x08000213   Thumb Code     0  __rtentry.o(.ARM.Collect$$rtentry$$00000000)
    __rt_entry_presh_1                       0x08000213   Thumb Code     0  __rtentry2.o(.ARM.Collect$$rtentry$$00000002)
    __rt_entry_sh                            0x08000213   Thumb Code     0  __rtentry4.o(.ARM.Collect$$rtentry$$00000004)
    __rt_entry_li                            0x08000219   Thumb Code     0  __rtentry2.o(.ARM.Collect$$rtentry$$0000000A)
    __rt_entry_postsh_1                      0x08000219   Thumb Code     0  __rtentry2.o(.ARM.Collect$$rtentry$$00000009)
    __rt_entry_main                          0x0800021d   Thumb Code     0  __rtentry2.o(.ARM.Collect$$rtentry$$0000000D)
    __rt_entry_postli_1                      0x0800021d   Thumb Code     0  __rtentry2.o(.ARM.Collect$$rtentry$$0000000C)
    __rt_exit                                0x08000225   Thumb Code     0  rtexit.o(.ARM.Collect$$rtexit$$00000000)
    __rt_exit_ls                             0x08000227   Thumb Code     0  rtexit2.o(.ARM.Collect$$rtexit$$00000003)
    __rt_exit_prels_1                        0x08000227   Thumb Code     0  rtexit2.o(.ARM.Collect$$rtexit$$00000002)
    __rt_exit_exit                           0x0800022b   Thumb Code     0  rtexit2.o(.ARM.Collect$$rtexit$$00000004)
    Reset_Handler                            0x08000231   Thumb Code     8  startup_stm32l475xx.o(.text)
    ADC1_2_IRQHandler                        0x0800024b   Thumb Code     0  startup_stm32l475xx.o(.text)
    ADC3_IRQHandler                          0x0800024b   Thumb Code     0  startup_stm32l475xx.o(.text)
    CAN1_RX0_IRQHandler                      0x0800024b   Thumb Code     0  startup_stm32l475xx.o(.text)
    CAN1_RX1_IRQHandler                      0x0800024b   Thumb Code     0  startup_stm32l475xx.o(.text)
    CAN1_SCE_IRQHandler                      0x0800024b   Thumb Code     0  startup_stm32l475xx.o(.text)
    CAN1_TX_IRQHandler                       0x0800024b   Thumb Code     0  startup_stm32l475xx.o(.text)
    COMP_IRQHandler                          0x0800024b   Thumb Code     0  startup_stm32l475xx.o(.text)
    DFSDM1_FLT0_IRQHandler                   0x0800024b   Thumb Code     0  startup_stm32l475xx.o(.text)
    DFSDM1_FLT1_IRQHandler                   0x0800024b   Thumb Code     0  startup_stm32l475xx.o(.text)
    DFSDM1_FLT2_IRQHandler                   0x0800024b   Thumb Code     0  startup_stm32l475xx.o(.text)
    DFSDM1_FLT3_IRQHandler                   0x0800024b   Thumb Code     0  startup_stm32l475xx.o(.text)
    DMA1_Channel1_IRQHandler                 0x0800024b   Thumb Code     0  startup_stm32l475xx.o(.text)
    DMA1_Channel2_IRQHandler                 0x0800024b   Thumb Code     0  startup_stm32l475xx.o(.text)
    DMA1_Channel3_IRQHandler                 0x0800024b   Thumb Code     0  startup_stm32l475xx.o(.text)
    DMA1_Channel4_IRQHandler                 0x0800024b   Thumb Code     0  startup_stm32l475xx.o(.text)
    DMA1_Channel5_IRQHandler                 0x0800024b   Thumb Code     0  startup_stm32l475xx.o(.text)
    DMA1_Channel6_IRQHandler                 0x0800024b   Thumb Code     0  startup_stm32l475xx.o(.text)
    DMA1_Channel7_IRQHandler                 0x0800024b   Thumb Code     0  startup_stm32l475xx.o(.text)
    DMA2_Channel1_IRQHandler                 0x0800024b   Thumb Code     0  startup_stm32l475xx.o(.text)
    DMA2_Channel2_IRQHandler                 0x0800024b   Thumb Code     0  startup_stm32l475xx.o(.text)
    DMA2_Channel3_IRQHandler                 0x0800024b   Thumb Code     0  startup_stm32l475xx.o(.text)
    DMA2_Channel4_IRQHandler                 0x0800024b   Thumb Code     0  startup_stm32l475xx.o(.text)
    DMA2_Channel5_IRQHandler                 0x0800024b   Thumb Code     0  startup_stm32l475xx.o(.text)
    DMA2_Channel6_IRQHandler                 0x0800024b   Thumb Code     0  startup_stm32l475xx.o(.text)
    DMA2_Channel7_IRQHandler                 0x0800024b   Thumb Code     0  startup_stm32l475xx.o(.text)
    EXTI0_IRQHandler                         0x0800024b   Thumb Code     0  startup_stm32l475xx.o(.text)
    EXTI15_10_IRQHandler                     0x0800024b   Thumb Code     0  startup_stm32l475xx.o(.text)
    EXTI1_IRQHandler                         0x0800024b   Thumb Code     0  startup_stm32l475xx.o(.text)
    EXTI2_IRQHandler                         0x0800024b   Thumb Code     0  startup_stm32l475xx.o(.text)
    EXTI4_IRQHandler                         0x0800024b   Thumb Code     0  startup_stm32l475xx.o(.text)
    EXTI9_5_IRQHandler                       0x0800024b   Thumb Code     0  startup_stm32l475xx.o(.text)
    FLASH_IRQHandler                         0x0800024b   Thumb Code     0  startup_stm32l475xx.o(.text)
    FMC_IRQHandler                           0x0800024b   Thumb Code     0  startup_stm32l475xx.o(.text)
    FPU_IRQHandler                           0x0800024b   Thumb Code     0  startup_stm32l475xx.o(.text)
    I2C1_ER_IRQHandler                       0x0800024b   Thumb Code     0  startup_stm32l475xx.o(.text)
    I2C1_EV_IRQHandler                       0x0800024b   Thumb Code     0  startup_stm32l475xx.o(.text)
    I2C2_ER_IRQHandler                       0x0800024b   Thumb Code     0  startup_stm32l475xx.o(.text)
    I2C2_EV_IRQHandler                       0x0800024b   Thumb Code     0  startup_stm32l475xx.o(.text)
    I2C3_ER_IRQHandler                       0x0800024b   Thumb Code     0  startup_stm32l475xx.o(.text)
    I2C3_EV_IRQHandler                       0x0800024b   Thumb Code     0  startup_stm32l475xx.o(.text)
    LPTIM1_IRQHandler                        0x0800024b   Thumb Code     0  startup_stm32l475xx.o(.text)
    LPTIM2_IRQHandler                        0x0800024b   Thumb Code     0  startup_stm32l475xx.o(.text)
    LPUART1_IRQHandler                       0x0800024b   Thumb Code     0  startup_stm32l475xx.o(.text)
    OTG_FS_IRQHandler                        0x0800024b   Thumb Code     0  startup_stm32l475xx.o(.text)
    PVD_PVM_IRQHandler                       0x0800024b   Thumb Code     0  startup_stm32l475xx.o(.text)
    QUADSPI_IRQHandler                       0x0800024b   Thumb Code     0  startup_stm32l475xx.o(.text)
    RCC_IRQHandler                           0x0800024b   Thumb Code     0  startup_stm32l475xx.o(.text)
    RNG_IRQHandler                           0x0800024b   Thumb Code     0  startup_stm32l475xx.o(.text)
    RTC_Alarm_IRQHandler                     0x0800024b   Thumb Code     0  startup_stm32l475xx.o(.text)
    RTC_WKUP_IRQHandler                      0x0800024b   Thumb Code     0  startup_stm32l475xx.o(.text)
    SAI1_IRQHandler                          0x0800024b   Thumb Code     0  startup_stm32l475xx.o(.text)
    SAI2_IRQHandler                          0x0800024b   Thumb Code     0  startup_stm32l475xx.o(.text)
    SDMMC1_IRQHandler                        0x0800024b   Thumb Code     0  startup_stm32l475xx.o(.text)
    SPI1_IRQHandler                          0x0800024b   Thumb Code     0  startup_stm32l475xx.o(.text)
    SPI2_IRQHandler                          0x0800024b   Thumb Code     0  startup_stm32l475xx.o(.text)
    SPI3_IRQHandler                          0x0800024b   Thumb Code     0  startup_stm32l475xx.o(.text)
    SWPMI1_IRQHandler                        0x0800024b   Thumb Code     0  startup_stm32l475xx.o(.text)
    TAMP_STAMP_IRQHandler                    0x0800024b   Thumb Code     0  startup_stm32l475xx.o(.text)
    TIM1_BRK_TIM15_IRQHandler                0x0800024b   Thumb Code     0  startup_stm32l475xx.o(.text)
    TIM1_CC_IRQHandler                       0x0800024b   Thumb Code     0  startup_stm32l475xx.o(.text)
    TIM1_TRG_COM_TIM17_IRQHandler            0x0800024b   Thumb Code     0  startup_stm32l475xx.o(.text)
    TIM1_UP_TIM16_IRQHandler                 0x0800024b   Thumb Code     0  startup_stm32l475xx.o(.text)
    TIM2_IRQHandler                          0x0800024b   Thumb Code     0  startup_stm32l475xx.o(.text)
    TIM3_IRQHandler                          0x0800024b   Thumb Code     0  startup_stm32l475xx.o(.text)
    TIM4_IRQHandler                          0x0800024b   Thumb Code     0  startup_stm32l475xx.o(.text)
    TIM5_IRQHandler                          0x0800024b   Thumb Code     0  startup_stm32l475xx.o(.text)
    TIM6_DAC_IRQHandler                      0x0800024b   Thumb Code     0  startup_stm32l475xx.o(.text)
    TIM7_IRQHandler                          0x0800024b   Thumb Code     0  startup_stm32l475xx.o(.text)
    TIM8_BRK_IRQHandler                      0x0800024b   Thumb Code     0  startup_stm32l475xx.o(.text)
    TIM8_CC_IRQHandler                       0x0800024b   Thumb Code     0  startup_stm32l475xx.o(.text)
    TIM8_TRG_COM_IRQHandler                  0x0800024b   Thumb Code     0  startup_stm32l475xx.o(.text)
    TIM8_UP_IRQHandler                       0x0800024b   Thumb Code     0  startup_stm32l475xx.o(.text)
    TSC_IRQHandler                           0x0800024b   Thumb Code     0  startup_stm32l475xx.o(.text)
    UART4_IRQHandler                         0x0800024b   Thumb Code     0  startup_stm32l475xx.o(.text)
    UART5_IRQHandler                         0x0800024b   Thumb Code     0  startup_stm32l475xx.o(.text)
    USART1_IRQHandler                        0x0800024b   Thumb Code     0  startup_stm32l475xx.o(.text)
    USART2_IRQHandler                        0x0800024b   Thumb Code     0  startup_stm32l475xx.o(.text)
    USART3_IRQHandler                        0x0800024b   Thumb Code     0  startup_stm32l475xx.o(.text)
    WWDG_IRQHandler                          0x0800024b   Thumb Code     0  startup_stm32l475xx.o(.text)
    __user_initial_stackheap                 0x0800024d   Thumb Code     0  startup_stm32l475xx.o(.text)
    __aeabi_uldivmod                         0x08000271   Thumb Code     0  lludivv7m.o(.text)
    _ll_udiv                                 0x08000271   Thumb Code   238  lludivv7m.o(.text)
    __2sprintf                               0x08000361   Thumb Code    34  noretval__2sprintf.o(.text)
    _printf_pre_padding                      0x08000389   Thumb Code    44  _printf_pad.o(.text)
    _printf_post_padding                     0x080003b5   Thumb Code    34  _printf_pad.o(.text)
    _printf_int_dec                          0x080003d9   Thumb Code   104  _printf_dec.o(.text)
    __printf                                 0x08000451   Thumb Code   308  __printf_flags_wp.o(.text)
    strlen                                   0x0800058f   Thumb Code    62  strlen.o(.text)
    __aeabi_memclr4                          0x080005cd   Thumb Code     0  rt_memclr_w.o(.text)
    __aeabi_memclr8                          0x080005cd   Thumb Code     0  rt_memclr_w.o(.text)
    __rt_memclr_w                            0x080005cd   Thumb Code    78  rt_memclr_w.o(.text)
    _memset_w                                0x080005d1   Thumb Code     0  rt_memclr_w.o(.text)
    __use_two_region_memory                  0x0800061b   Thumb Code     2  heapauxi.o(.text)
    __rt_heap_escrow$2region                 0x0800061d   Thumb Code     2  heapauxi.o(.text)
    __rt_heap_expand$2region                 0x0800061f   Thumb Code     2  heapauxi.o(.text)
    _printf_int_common                       0x08000621   Thumb Code   178  _printf_intcommon.o(.text)
    _printf_char_common                      0x080006df   Thumb Code    32  _printf_char_common.o(.text)
    _sputc                                   0x08000705   Thumb Code    10  _sputc.o(.text)
    __user_setup_stackheap                   0x0800070f   Thumb Code    74  sys_stackheap_outer.o(.text)
    exit                                     0x08000759   Thumb Code    18  exit.o(.text)
    __user_libspace                          0x0800076d   Thumb Code     8  libspace.o(.text)
    __user_perproc_libspace                  0x0800076d   Thumb Code     0  libspace.o(.text)
    __user_perthread_libspace                0x0800076d   Thumb Code     0  libspace.o(.text)
    _sys_exit                                0x08000775   Thumb Code     8  sys_exit.o(.text)
    __I$use$semihosting                      0x08000781   Thumb Code     0  use_no_semi.o(.text)
    __use_no_semihosting_swi                 0x08000781   Thumb Code     2  use_no_semi.o(.text)
    ADS_ChipSelect                           0x08000783   Thumb Code    20  ads1298.o(i.ADS_ChipSelect)
    __semihosting_library_function           0x08000783   Thumb Code     0  indicate_semi.o(.text)
    ADS_ClkSel                               0x08000799   Thumb Code    30  ads1298.o(i.ADS_ClkSel)
    ADS_Data_Receive                         0x080007bd   Thumb Code    28  ads1298.o(i.ADS_Data_Receive)
    ADS_ExtClk                               0x080007dd   Thumb Code    20  ads1298.o(i.ADS_ExtClk)
    ADS_Init                                 0x080007f5   Thumb Code    50  ads1298.o(i.ADS_Init)
    ADS_PowerDown                            0x08000829   Thumb Code    34  ads1298.o(i.ADS_PowerDown)
    ADS_Reset                                0x08000851   Thumb Code    38  ads1298.o(i.ADS_Reset)
    ADS_Send_Data_Rd_Cont                    0x0800087d   Thumb Code    16  ads1298.o(i.ADS_Send_Data_Rd_Cont)
    ADS_Send_Data_Stop_Cont                  0x08000895   Thumb Code    16  ads1298.o(i.ADS_Send_Data_Stop_Cont)
    ADS_Send_Reg_Wr                          0x080008ad   Thumb Code    42  ads1298.o(i.ADS_Send_Reg_Wr)
    ADS_Start                                0x080008e1   Thumb Code    22  ads1298.o(i.ADS_Start)
    BusFault_Handler                         0x080008fd   Thumb Code     2  stm32l4xx_it.o(i.BusFault_Handler)
    DebugMon_Handler                         0x08000911   Thumb Code     2  stm32l4xx_it.o(i.DebugMon_Handler)
    EXTI3_IRQHandler                         0x08000915   Thumb Code    82  stm32l4xx_it.o(i.EXTI3_IRQHandler)
    Error_Handler                            0x0800098d   Thumb Code     4  main.o(i.Error_Handler)
    FATFS_LinkDriver                         0x08000991   Thumb Code     6  ff_gen_drv.o(i.FATFS_LinkDriver)
    FATFS_LinkDriverEx                       0x08000999   Thumb Code    58  ff_gen_drv.o(i.FATFS_LinkDriverEx)
    HAL_Delay                                0x080009d9   Thumb Code    32  stm32l4xx_hal.o(i.HAL_Delay)
    HAL_GPIO_EXTI_Callback                   0x080009fd   Thumb Code     2  stm32l4xx_hal_gpio.o(i.HAL_GPIO_EXTI_Callback)
    HAL_GPIO_EXTI_IRQHandler                 0x08000a01   Thumb Code    18  stm32l4xx_hal_gpio.o(i.HAL_GPIO_EXTI_IRQHandler)
    HAL_GPIO_Init                            0x08000a19   Thumb Code   500  stm32l4xx_hal_gpio.o(i.HAL_GPIO_Init)
    HAL_GPIO_WritePin                        0x08000c37   Thumb Code    10  stm32l4xx_hal_gpio.o(i.HAL_GPIO_WritePin)
    HAL_GetTick                              0x08000c41   Thumb Code     6  stm32l4xx_hal.o(i.HAL_GetTick)
    HAL_IncTick                              0x08000c4d   Thumb Code    12  stm32l4xx_hal.o(i.HAL_IncTick)
    HAL_Init                                 0x08000c5d   Thumb Code    30  stm32l4xx_hal.o(i.HAL_Init)
    HAL_InitTick                             0x08000c7d   Thumb Code    58  stm32l4xx_hal.o(i.HAL_InitTick)
    HAL_MspInit                              0x08000cc1   Thumb Code    38  stm32l4xx_hal_msp.o(i.HAL_MspInit)
    HAL_NVIC_EnableIRQ                       0x08000ced   Thumb Code    26  stm32l4xx_hal_cortex.o(i.HAL_NVIC_EnableIRQ)
    HAL_NVIC_SetPriority                     0x08000d09   Thumb Code    60  stm32l4xx_hal_cortex.o(i.HAL_NVIC_SetPriority)
    HAL_NVIC_SetPriorityGrouping             0x08000d49   Thumb Code    26  stm32l4xx_hal_cortex.o(i.HAL_NVIC_SetPriorityGrouping)
    HAL_PWREx_ControlVoltageScaling          0x08000d6d   Thumb Code    90  stm32l4xx_hal_pwr_ex.o(i.HAL_PWREx_ControlVoltageScaling)
    HAL_PWREx_GetVoltageRange                0x08000dd5   Thumb Code    10  stm32l4xx_hal_pwr_ex.o(i.HAL_PWREx_GetVoltageRange)
    HAL_PWR_EnableBkUpAccess                 0x08000de5   Thumb Code    12  stm32l4xx_hal_pwr.o(i.HAL_PWR_EnableBkUpAccess)
    HAL_RCCEx_EnableMSIPLLMode               0x08000df5   Thumb Code    12  stm32l4xx_hal_rcc_ex.o(i.HAL_RCCEx_EnableMSIPLLMode)
    HAL_RCCEx_PeriphCLKConfig                0x08000e05   Thumb Code   928  stm32l4xx_hal_rcc_ex.o(i.HAL_RCCEx_PeriphCLKConfig)
    HAL_RCC_ClockConfig                      0x080011b5   Thumb Code   304  stm32l4xx_hal_rcc.o(i.HAL_RCC_ClockConfig)
    HAL_RCC_GetPCLK1Freq                     0x080012f9   Thumb Code    24  stm32l4xx_hal_rcc.o(i.HAL_RCC_GetPCLK1Freq)
    HAL_RCC_GetPCLK2Freq                     0x0800131d   Thumb Code    24  stm32l4xx_hal_rcc.o(i.HAL_RCC_GetPCLK2Freq)
    HAL_RCC_GetSysClockFreq                  0x08001341   Thumb Code   150  stm32l4xx_hal_rcc.o(i.HAL_RCC_GetSysClockFreq)
    HAL_RCC_OscConfig                        0x080013e5   Thumb Code  1294  stm32l4xx_hal_rcc.o(i.HAL_RCC_OscConfig)
    HAL_RTC_GetTime                          0x080018fd   Thumb Code    78  stm32l4xx_hal_rtc.o(i.HAL_RTC_GetTime)
    HAL_RTC_Init                             0x08001951   Thumb Code   150  stm32l4xx_hal_rtc.o(i.HAL_RTC_Init)
    HAL_RTC_MspInit                          0x080019ed   Thumb Code    60  rtc.o(i.HAL_RTC_MspInit)
    HAL_RTC_SetDate                          0x08001a31   Thumb Code   156  stm32l4xx_hal_rtc.o(i.HAL_RTC_SetDate)
    HAL_RTC_SetTime                          0x08001ad1   Thumb Code   198  stm32l4xx_hal_rtc.o(i.HAL_RTC_SetTime)
    HAL_RTC_WaitForSynchro                   0x08001b9d   Thumb Code    54  stm32l4xx_hal_rtc.o(i.HAL_RTC_WaitForSynchro)
    HAL_SPI_GetState                         0x08001bd3   Thumb Code     6  stm32l4xx_hal_spi.o(i.HAL_SPI_GetState)
    HAL_SPI_Init                             0x08001bd9   Thumb Code   224  stm32l4xx_hal_spi.o(i.HAL_SPI_Init)
    HAL_SPI_MspInit                          0x08001cb9   Thumb Code   146  spi.o(i.HAL_SPI_MspInit)
    HAL_SPI_Transmit                         0x08001d5d   Thumb Code   392  stm32l4xx_hal_spi.o(i.HAL_SPI_Transmit)
    HAL_SPI_TransmitReceive                  0x08001eeb   Thumb Code   610  stm32l4xx_hal_spi.o(i.HAL_SPI_TransmitReceive)
    HAL_SYSTICK_Config                       0x08002153   Thumb Code    40  stm32l4xx_hal_cortex.o(i.HAL_SYSTICK_Config)
    HAL_TIMEx_MasterConfigSynchronization    0x0800217d   Thumb Code   130  stm32l4xx_hal_tim_ex.o(i.HAL_TIMEx_MasterConfigSynchronization)
    HAL_TIM_Base_Init                        0x08002219   Thumb Code    98  stm32l4xx_hal_tim.o(i.HAL_TIM_Base_Init)
    HAL_TIM_Base_MspInit                     0x0800227d   Thumb Code    30  tim.o(i.HAL_TIM_Base_MspInit)
    HAL_TIM_ConfigClockSource                0x080022a1   Thumb Code   220  stm32l4xx_hal_tim.o(i.HAL_TIM_ConfigClockSource)
    HAL_TIM_MspPostInit                      0x08002381   Thumb Code    70  tim.o(i.HAL_TIM_MspPostInit)
    HAL_TIM_PWM_ConfigChannel                0x080023cd   Thumb Code   292  stm32l4xx_hal_tim.o(i.HAL_TIM_PWM_ConfigChannel)
    HAL_TIM_PWM_Init                         0x080024f1   Thumb Code    98  stm32l4xx_hal_tim.o(i.HAL_TIM_PWM_Init)
    HAL_TIM_PWM_MspInit                      0x08002553   Thumb Code     2  stm32l4xx_hal_tim.o(i.HAL_TIM_PWM_MspInit)
    HAL_TIM_PWM_Start                        0x08002555   Thumb Code   224  stm32l4xx_hal_tim.o(i.HAL_TIM_PWM_Start)
    HAL_UART_Init                            0x08002659   Thumb Code   102  stm32l4xx_hal_uart.o(i.HAL_UART_Init)
    HAL_UART_MspInit                         0x080026c1   Thumb Code   114  usart.o(i.HAL_UART_MspInit)
    HAL_UART_Transmit                        0x08002741   Thumb Code   182  stm32l4xx_hal_uart.o(i.HAL_UART_Transmit)
    HardFault_Handler                        0x080027f7   Thumb Code     2  stm32l4xx_it.o(i.HardFault_Handler)
    MX_FATFS_Init                            0x080027f9   Thumb Code    18  fatfs.o(i.MX_FATFS_Init)
    MX_GPIO_Init                             0x08002815   Thumb Code   308  gpio.o(i.MX_GPIO_Init)
    MX_RTC_Init                              0x08002959   Thumb Code   132  rtc.o(i.MX_RTC_Init)
    MX_SPI1_Init                             0x080029e5   Thumb Code    70  spi.o(i.MX_SPI1_Init)
    MX_SPI2_Init                             0x08002a35   Thumb Code    70  spi.o(i.MX_SPI2_Init)
    MX_TIM2_Init                             0x08002a85   Thumb Code   148  tim.o(i.MX_TIM2_Init)
    MX_USART1_UART_Init                      0x08002b1d   Thumb Code    52  usart.o(i.MX_USART1_UART_Init)
    MemManage_Handler                        0x08002b59   Thumb Code     2  stm32l4xx_it.o(i.MemManage_Handler)
    NMI_Handler                              0x08002b5b   Thumb Code     2  stm32l4xx_it.o(i.NMI_Handler)
    PendSV_Handler                           0x08002b5d   Thumb Code     2  stm32l4xx_it.o(i.PendSV_Handler)
    RTC_Bcd2ToByte                           0x08002e11   Thumb Code    18  stm32l4xx_hal_rtc.o(i.RTC_Bcd2ToByte)
    RTC_ByteToBcd2                           0x08002e23   Thumb Code    24  stm32l4xx_hal_rtc.o(i.RTC_ByteToBcd2)
    RTC_EnterInitMode                        0x08002e3d   Thumb Code    70  stm32l4xx_hal_rtc.o(i.RTC_EnterInitMode)
    RTC_ExitInitMode                         0x08002e85   Thumb Code    82  stm32l4xx_hal_rtc.o(i.RTC_ExitInitMode)
    SDTimer_Handler                          0x08002edd   Thumb Code    26  stm32l4xx_it.o(i.SDTimer_Handler)
    SD_disk_initialize                       0x08003099   Thumb Code   304  fatfs_sd.o(i.SD_disk_initialize)
    SD_disk_ioctl                            0x080031d1   Thumb Code   318  fatfs_sd.o(i.SD_disk_ioctl)
    SD_disk_read                             0x08003315   Thumb Code   146  fatfs_sd.o(i.SD_disk_read)
    SD_disk_status                           0x080033ad   Thumb Code    12  fatfs_sd.o(i.SD_disk_status)
    SD_disk_write                            0x080033bd   Thumb Code   178  fatfs_sd.o(i.SD_disk_write)
    SVC_Handler                              0x080036c1   Thumb Code     2  stm32l4xx_it.o(i.SVC_Handler)
    SysTick_Handler                          0x080036c5   Thumb Code    32  stm32l4xx_it.o(i.SysTick_Handler)
    SystemClock_Config                       0x080036e9   Thumb Code   142  main.o(i.SystemClock_Config)
    SystemInit                               0x0800377d   Thumb Code    12  system_stm32l4xx.o(i.SystemInit)
    TIM_Base_SetConfig                       0x0800378d   Thumb Code   160  stm32l4xx_hal_tim.o(i.TIM_Base_SetConfig)
    TIM_CCxChannelCmd                        0x0800384d   Thumb Code    26  stm32l4xx_hal_tim.o(i.TIM_CCxChannelCmd)
    TIM_ETR_SetConfig                        0x08003867   Thumb Code    20  stm32l4xx_hal_tim.o(i.TIM_ETR_SetConfig)
    TIM_OC2_SetConfig                        0x08003929   Thumb Code   120  stm32l4xx_hal_tim.o(i.TIM_OC2_SetConfig)
    UART_AdvFeatureConfig                    0x08003be3   Thumb Code   200  stm32l4xx_hal_uart.o(i.UART_AdvFeatureConfig)
    UART_CheckIdleState                      0x08003cab   Thumb Code    92  stm32l4xx_hal_uart.o(i.UART_CheckIdleState)
    UART_SetConfig                           0x08003d09   Thumb Code   542  stm32l4xx_hal_uart.o(i.UART_SetConfig)
    UART_WaitOnFlagUntilTimeout              0x08003f51   Thumb Code   198  stm32l4xx_hal_uart.o(i.UART_WaitOnFlagUntilTimeout)
    USER_initialize                          0x08004017   Thumb Code     4  user_diskio.o(i.USER_initialize)
    USER_ioctl                               0x0800401b   Thumb Code     4  user_diskio.o(i.USER_ioctl)
    USER_read                                0x0800401f   Thumb Code     4  user_diskio.o(i.USER_read)
    USER_status                              0x08004023   Thumb Code     4  user_diskio.o(i.USER_status)
    USER_write                               0x08004027   Thumb Code     4  user_diskio.o(i.USER_write)
    UsageFault_Handler                       0x0800402b   Thumb Code     2  stm32l4xx_it.o(i.UsageFault_Handler)
    _is_digit                                0x0800404d   Thumb Code    14  __printf_wp.o(i._is_digit)
    disk_initialize                          0x08004971   Thumb Code    36  diskio.o(i.disk_initialize)
    disk_ioctl                               0x08004999   Thumb Code    24  diskio.o(i.disk_ioctl)
    disk_read                                0x080049b5   Thumb Code    24  diskio.o(i.disk_read)
    disk_status                              0x080049d1   Thumb Code    18  diskio.o(i.disk_status)
    disk_write                               0x080049e9   Thumb Code    24  diskio.o(i.disk_write)
    f_chdir                                  0x08004a05   Thumb Code    82  ff.o(i.f_chdir)
    f_close                                  0x08004a57   Thumb Code    40  ff.o(i.f_close)
    f_lseek                                  0x08004a7f   Thumb Code   530  ff.o(i.f_lseek)
    f_mkdir                                  0x08004c99   Thumb Code   348  ff.o(i.f_mkdir)
    f_mount                                  0x08004dfd   Thumb Code    84  ff.o(i.f_mount)
    f_open                                   0x08004e55   Thumb Code   520  ff.o(i.f_open)
    f_sync                                   0x08005061   Thumb Code   142  ff.o(i.f_sync)
    f_write                                  0x080050ef   Thumb Code   398  ff.o(i.f_write)
    ff_convert                               0x08005285   Thumb Code    52  ccsbcs.o(i.ff_convert)
    ff_wtoupper                              0x080052bd   Thumb Code   120  ccsbcs.o(i.ff_wtoupper)
    get_fattime                              0x0800576f   Thumb Code     4  fatfs.o(i.get_fattime)
    main                                     0x08005879   Thumb Code   288  main.o(i.main)
    send_uart                                0x08005ba5   Thumb Code    26  main.o(i.send_uart)
    _fp_init                                 0x08005d51   Thumb Code    10  fpinit.o(x$fpl$fpinit)
    __fplib_config_fpu_vfp                   0x08005d59   Thumb Code     0  fpinit.o(x$fpl$fpinit)
    __fplib_config_pureend_doubles           0x08005d59   Thumb Code     0  fpinit.o(x$fpl$fpinit)
    AHBPrescTable                            0x08005d5c   Data          16  system_stm32l4xx.o(.constdata)
    MSIRangeTable                            0x08005d6c   Data          48  system_stm32l4xx.o(.constdata)
    APBPrescTable                            0x08005d9c   Data           8  system_stm32l4xx.o(.constdata)
    Region$$Table$$Base                      0x08006210   Number         0  anon$$obj.o(Region$$Table)
    Region$$Table$$Limit                     0x08006240   Number         0  anon$$obj.o(Region$$Table)
    ADS_head                                 0x10000000   Data           4  main.o(.data)
    SD_WRITE_STATE                           0x10000004   Data           1  main.o(.data)
    fres                                     0x10000005   Data           1  main.o(.data)
    ADS_mid                                  0x10000008   Data           4  main.o(.data)
    DateInfo                                 0x1000000c   Data           4  main.o(.data)
    bw                                       0x10000010   Data           4  main.o(.data)
    ADS_tail                                 0x10000014   Data           4  main.o(.data)
    FatFsCnt                                 0x10000018   Data           1  stm32l4xx_it.o(.data)
    Timer1                                   0x10000019   Data           1  stm32l4xx_it.o(.data)
    Timer2                                   0x1000001a   Data           1  stm32l4xx_it.o(.data)
    sample_cnt                               0x1000001c   Data           2  stm32l4xx_it.o(.data)
    USER_Driver                              0x10000020   Data          20  user_diskio.o(.data)
    retUSER                                  0x10000034   Data           1  fatfs.o(.data)
    USERPath                                 0x10000035   Data           4  fatfs.o(.data)
    uwTickFreq                               0x1000003c   Data           1  stm32l4xx_hal.o(.data)
    uwTickPrio                               0x10000040   Data           4  stm32l4xx_hal.o(.data)
    uwTick                                   0x10000044   Data           4  stm32l4xx_hal.o(.data)
    SystemCoreClock                          0x10000048   Data           4  system_stm32l4xx.o(.data)
    ADS_READY                                0x10000054   Data           1  ads1298.o(.data)
    ADS_CMD                                  0x10000055   Data           2  ads1298.o(.data)
    ADS_RegVal                               0x10000057   Data          26  ads1298.o(.data)
    hrtc                                     0x10000074   Data          36  rtc.o(.bss)
    hspi1                                    0x10000098   Data         100  spi.o(.bss)
    hspi2                                    0x100000fc   Data         100  spi.o(.bss)
    htim2                                    0x10000160   Data          76  tim.o(.bss)
    huart1                                   0x100001ac   Data         132  usart.o(.bss)
    disk                                     0x10000450   Data          12  ff_gen_drv.o(.bss)
    __libspace_start                         0x1000045c   Data          96  libspace.o(.bss)
    __temporary_stack_top$libspace           0x100004bc   Data           0  libspace.o(.bss)
    ADS_TX_Buffer                            0x20000000   Data       27000  main.o(.bss)
    ADS_RX_Buffer                            0x20006978   Data       54000  main.o(.bss)
    TimeInfo                                 0x20013c68   Data          20  main.o(.bss)
    fs                                       0x20013c7c   Data         568  main.o(.bss)
    fil                                      0x20013eb4   Data         560  main.o(.bss)
    FileName                                 0x200140e4   Data          20  main.o(.bss)
    FolderName                               0x200140f8   Data          20  main.o(.bss)



==============================================================================

Memory Map of the image

  Image Entry point : 0x08000189

  Load Region LR_IROM1 (Base: 0x08000000, Size: 0x000062b4, Max: 0x00100000, ABSOLUTE)

    Execution Region ER_IROM1 (Exec base: 0x08000000, Load base: 0x08000000, Size: 0x00006240, Max: 0x00100000, ABSOLUTE)

    Exec Addr    Load Addr    Size         Type   Attr      Idx    E Section Name        Object

    0x08000000   0x08000000   0x00000188   Data   RO            3    RESET               startup_stm32l475xx.o
    0x08000188   0x08000188   0x00000008   Code   RO         5178  * !!!main             c_w.l(__main.o)
    0x08000190   0x08000190   0x00000034   Code   RO         5356    !!!scatter          c_w.l(__scatter.o)
    0x080001c4   0x080001c4   0x0000001a   Code   RO         5358    !!handler_copy      c_w.l(__scatter_copy.o)
    0x080001de   0x080001de   0x00000002   PAD
    0x080001e0   0x080001e0   0x0000001c   Code   RO         5360    !!handler_zi        c_w.l(__scatter_zi.o)
    0x080001fc   0x080001fc   0x00000000   Code   RO         5171    .ARM.Collect$$_printf_percent$$00000000  c_w.l(_printf_percent.o)
    0x080001fc   0x080001fc   0x00000006   Code   RO         5170    .ARM.Collect$$_printf_percent$$00000009  c_w.l(_printf_d.o)
    0x08000202   0x08000202   0x00000004   Code   RO         5191    .ARM.Collect$$_printf_percent$$00000017  c_w.l(_printf_percent_end.o)
    0x08000206   0x08000206   0x00000002   Code   RO         5224    .ARM.Collect$$libinit$$00000000  c_w.l(libinit.o)
    0x08000208   0x08000208   0x00000004   Code   RO         5236    .ARM.Collect$$libinit$$00000001  c_w.l(libinit2.o)
    0x0800020c   0x0800020c   0x00000000   Code   RO         5239    .ARM.Collect$$libinit$$00000004  c_w.l(libinit2.o)
    0x0800020c   0x0800020c   0x00000000   Code   RO         5242    .ARM.Collect$$libinit$$0000000A  c_w.l(libinit2.o)
    0x0800020c   0x0800020c   0x00000000   Code   RO         5244    .ARM.Collect$$libinit$$0000000C  c_w.l(libinit2.o)
    0x0800020c   0x0800020c   0x00000000   Code   RO         5246    .ARM.Collect$$libinit$$0000000E  c_w.l(libinit2.o)
    0x0800020c   0x0800020c   0x00000000   Code   RO         5249    .ARM.Collect$$libinit$$00000011  c_w.l(libinit2.o)
    0x0800020c   0x0800020c   0x00000000   Code   RO         5251    .ARM.Collect$$libinit$$00000013  c_w.l(libinit2.o)
    0x0800020c   0x0800020c   0x00000000   Code   RO         5253    .ARM.Collect$$libinit$$00000015  c_w.l(libinit2.o)
    0x0800020c   0x0800020c   0x00000000   Code   RO         5255    .ARM.Collect$$libinit$$00000017  c_w.l(libinit2.o)
    0x0800020c   0x0800020c   0x00000000   Code   RO         5257    .ARM.Collect$$libinit$$00000019  c_w.l(libinit2.o)
    0x0800020c   0x0800020c   0x00000000   Code   RO         5259    .ARM.Collect$$libinit$$0000001B  c_w.l(libinit2.o)
    0x0800020c   0x0800020c   0x00000000   Code   RO         5261    .ARM.Collect$$libinit$$0000001D  c_w.l(libinit2.o)
    0x0800020c   0x0800020c   0x00000000   Code   RO         5263    .ARM.Collect$$libinit$$0000001F  c_w.l(libinit2.o)
    0x0800020c   0x0800020c   0x00000000   Code   RO         5265    .ARM.Collect$$libinit$$00000021  c_w.l(libinit2.o)
    0x0800020c   0x0800020c   0x00000000   Code   RO         5267    .ARM.Collect$$libinit$$00000023  c_w.l(libinit2.o)
    0x0800020c   0x0800020c   0x00000000   Code   RO         5269    .ARM.Collect$$libinit$$00000025  c_w.l(libinit2.o)
    0x0800020c   0x0800020c   0x00000000   Code   RO         5273    .ARM.Collect$$libinit$$0000002C  c_w.l(libinit2.o)
    0x0800020c   0x0800020c   0x00000000   Code   RO         5275    .ARM.Collect$$libinit$$0000002E  c_w.l(libinit2.o)
    0x0800020c   0x0800020c   0x00000000   Code   RO         5277    .ARM.Collect$$libinit$$00000030  c_w.l(libinit2.o)
    0x0800020c   0x0800020c   0x00000000   Code   RO         5279    .ARM.Collect$$libinit$$00000032  c_w.l(libinit2.o)
    0x0800020c   0x0800020c   0x00000002   Code   RO         5280    .ARM.Collect$$libinit$$00000033  c_w.l(libinit2.o)
    0x0800020e   0x0800020e   0x00000002   Code   RO         5311    .ARM.Collect$$libshutdown$$00000000  c_w.l(libshutdown.o)
    0x08000210   0x08000210   0x00000000   Code   RO         5337    .ARM.Collect$$libshutdown$$00000002  c_w.l(libshutdown2.o)
    0x08000210   0x08000210   0x00000000   Code   RO         5339    .ARM.Collect$$libshutdown$$00000004  c_w.l(libshutdown2.o)
    0x08000210   0x08000210   0x00000000   Code   RO         5341    .ARM.Collect$$libshutdown$$00000006  c_w.l(libshutdown2.o)
    0x08000210   0x08000210   0x00000000   Code   RO         5344    .ARM.Collect$$libshutdown$$00000009  c_w.l(libshutdown2.o)
    0x08000210   0x08000210   0x00000000   Code   RO         5347    .ARM.Collect$$libshutdown$$0000000C  c_w.l(libshutdown2.o)
    0x08000210   0x08000210   0x00000000   Code   RO         5349    .ARM.Collect$$libshutdown$$0000000E  c_w.l(libshutdown2.o)
    0x08000210   0x08000210   0x00000000   Code   RO         5352    .ARM.Collect$$libshutdown$$00000011  c_w.l(libshutdown2.o)
    0x08000210   0x08000210   0x00000002   Code   RO         5353    .ARM.Collect$$libshutdown$$00000012  c_w.l(libshutdown2.o)
    0x08000212   0x08000212   0x00000000   Code   RO         5180    .ARM.Collect$$rtentry$$00000000  c_w.l(__rtentry.o)
    0x08000212   0x08000212   0x00000000   Code   RO         5193    .ARM.Collect$$rtentry$$00000002  c_w.l(__rtentry2.o)
    0x08000212   0x08000212   0x00000006   Code   RO         5205    .ARM.Collect$$rtentry$$00000004  c_w.l(__rtentry4.o)
    0x08000218   0x08000218   0x00000000   Code   RO         5195    .ARM.Collect$$rtentry$$00000009  c_w.l(__rtentry2.o)
    0x08000218   0x08000218   0x00000004   Code   RO         5196    .ARM.Collect$$rtentry$$0000000A  c_w.l(__rtentry2.o)
    0x0800021c   0x0800021c   0x00000000   Code   RO         5198    .ARM.Collect$$rtentry$$0000000C  c_w.l(__rtentry2.o)
    0x0800021c   0x0800021c   0x00000008   Code   RO         5199    .ARM.Collect$$rtentry$$0000000D  c_w.l(__rtentry2.o)
    0x08000224   0x08000224   0x00000002   Code   RO         5228    .ARM.Collect$$rtexit$$00000000  c_w.l(rtexit.o)
    0x08000226   0x08000226   0x00000000   Code   RO         5284    .ARM.Collect$$rtexit$$00000002  c_w.l(rtexit2.o)
    0x08000226   0x08000226   0x00000004   Code   RO         5285    .ARM.Collect$$rtexit$$00000003  c_w.l(rtexit2.o)
    0x0800022a   0x0800022a   0x00000006   Code   RO         5286    .ARM.Collect$$rtexit$$00000004  c_w.l(rtexit2.o)
    0x08000230   0x08000230   0x00000040   Code   RO            4    .text               startup_stm32l475xx.o
    0x08000270   0x08000270   0x000000ee   Code   RO         5138    .text               c_w.l(lludivv7m.o)
    0x0800035e   0x0800035e   0x00000002   PAD
    0x08000360   0x08000360   0x00000028   Code   RO         5142    .text               c_w.l(noretval__2sprintf.o)
    0x08000388   0x08000388   0x0000004e   Code   RO         5146    .text               c_w.l(_printf_pad.o)
    0x080003d6   0x080003d6   0x00000002   PAD
    0x080003d8   0x080003d8   0x00000078   Code   RO         5148    .text               c_w.l(_printf_dec.o)
    0x08000450   0x08000450   0x0000013e   Code   RO         5162    .text               c_w.l(__printf_flags_wp.o)
    0x0800058e   0x0800058e   0x0000003e   Code   RO         5172    .text               c_w.l(strlen.o)
    0x080005cc   0x080005cc   0x0000004e   Code   RO         5174    .text               c_w.l(rt_memclr_w.o)
    0x0800061a   0x0800061a   0x00000006   Code   RO         5176    .text               c_w.l(heapauxi.o)
    0x08000620   0x08000620   0x000000b2   Code   RO         5185    .text               c_w.l(_printf_intcommon.o)
    0x080006d2   0x080006d2   0x00000002   PAD
    0x080006d4   0x080006d4   0x00000030   Code   RO         5187    .text               c_w.l(_printf_char_common.o)
    0x08000704   0x08000704   0x0000000a   Code   RO         5189    .text               c_w.l(_sputc.o)
    0x0800070e   0x0800070e   0x0000004a   Code   RO         5211    .text               c_w.l(sys_stackheap_outer.o)
    0x08000758   0x08000758   0x00000012   Code   RO         5213    .text               c_w.l(exit.o)
    0x0800076a   0x0800076a   0x00000002   PAD
    0x0800076c   0x0800076c   0x00000008   Code   RO         5225    .text               c_w.l(libspace.o)
    0x08000774   0x08000774   0x0000000c   Code   RO         5281    .text               c_w.l(sys_exit.o)
    0x08000780   0x08000780   0x00000002   Code   RO         5300    .text               c_w.l(use_no_semi.o)
    0x08000782   0x08000782   0x00000000   Code   RO         5302    .text               c_w.l(indicate_semi.o)
    0x08000782   0x08000782   0x00000014   Code   RO         4912    i.ADS_ChipSelect    ads1298.o
    0x08000796   0x08000796   0x00000002   PAD
    0x08000798   0x08000798   0x00000024   Code   RO         4913    i.ADS_ClkSel        ads1298.o
    0x080007bc   0x080007bc   0x00000020   Code   RO         4914    i.ADS_Data_Receive  ads1298.o
    0x080007dc   0x080007dc   0x00000018   Code   RO         4915    i.ADS_ExtClk        ads1298.o
    0x080007f4   0x080007f4   0x00000032   Code   RO         4916    i.ADS_Init          ads1298.o
    0x08000826   0x08000826   0x00000002   PAD
    0x08000828   0x08000828   0x00000028   Code   RO         4917    i.ADS_PowerDown     ads1298.o
    0x08000850   0x08000850   0x0000002c   Code   RO         4918    i.ADS_Reset         ads1298.o
    0x0800087c   0x0800087c   0x00000018   Code   RO         4919    i.ADS_Send_Data_Rd_Cont  ads1298.o
    0x08000894   0x08000894   0x00000018   Code   RO         4921    i.ADS_Send_Data_Stop_Cont  ads1298.o
    0x080008ac   0x080008ac   0x00000034   Code   RO         4923    i.ADS_Send_Reg_Wr   ads1298.o
    0x080008e0   0x080008e0   0x0000001c   Code   RO         4929    i.ADS_Start         ads1298.o
    0x080008fc   0x080008fc   0x00000002   Code   RO          443    i.BusFault_Handler  stm32l4xx_it.o
    0x080008fe   0x080008fe   0x00000002   PAD
    0x08000900   0x08000900   0x00000010   Code   RO         5038    i.DESELECT          fatfs_sd.o
    0x08000910   0x08000910   0x00000002   Code   RO          444    i.DebugMon_Handler  stm32l4xx_it.o
    0x08000912   0x08000912   0x00000002   PAD
    0x08000914   0x08000914   0x00000078   Code   RO          445    i.EXTI3_IRQHandler  stm32l4xx_it.o
    0x0800098c   0x0800098c   0x00000004   Code   RO           13    i.Error_Handler     main.o
    0x08000990   0x08000990   0x00000006   Code   RO         4806    i.FATFS_LinkDriver  ff_gen_drv.o
    0x08000996   0x08000996   0x00000002   PAD
    0x08000998   0x08000998   0x00000040   Code   RO         4807    i.FATFS_LinkDriverEx  ff_gen_drv.o
    0x080009d8   0x080009d8   0x00000024   Code   RO          664    i.HAL_Delay         stm32l4xx_hal.o
    0x080009fc   0x080009fc   0x00000002   Code   RO         1358    i.HAL_GPIO_EXTI_Callback  stm32l4xx_hal_gpio.o
    0x080009fe   0x080009fe   0x00000002   PAD
    0x08000a00   0x08000a00   0x00000018   Code   RO         1359    i.HAL_GPIO_EXTI_IRQHandler  stm32l4xx_hal_gpio.o
    0x08000a18   0x08000a18   0x0000021e   Code   RO         1360    i.HAL_GPIO_Init     stm32l4xx_hal_gpio.o
    0x08000c36   0x08000c36   0x0000000a   Code   RO         1364    i.HAL_GPIO_WritePin  stm32l4xx_hal_gpio.o
    0x08000c40   0x08000c40   0x0000000c   Code   RO          668    i.HAL_GetTick       stm32l4xx_hal.o
    0x08000c4c   0x08000c4c   0x00000010   Code   RO          674    i.HAL_IncTick       stm32l4xx_hal.o
    0x08000c5c   0x08000c5c   0x0000001e   Code   RO          675    i.HAL_Init          stm32l4xx_hal.o
    0x08000c7a   0x08000c7a   0x00000002   PAD
    0x08000c7c   0x08000c7c   0x00000044   Code   RO          676    i.HAL_InitTick      stm32l4xx_hal.o
    0x08000cc0   0x08000cc0   0x0000002c   Code   RO          535    i.HAL_MspInit       stm32l4xx_hal_msp.o
    0x08000cec   0x08000cec   0x0000001a   Code   RO         1907    i.HAL_NVIC_EnableIRQ  stm32l4xx_hal_cortex.o
    0x08000d06   0x08000d06   0x00000002   PAD
    0x08000d08   0x08000d08   0x00000040   Code   RO         1913    i.HAL_NVIC_SetPriority  stm32l4xx_hal_cortex.o
    0x08000d48   0x08000d48   0x00000024   Code   RO         1914    i.HAL_NVIC_SetPriorityGrouping  stm32l4xx_hal_cortex.o
    0x08000d6c   0x08000d6c   0x00000068   Code   RO         1651    i.HAL_PWREx_ControlVoltageScaling  stm32l4xx_hal_pwr_ex.o
    0x08000dd4   0x08000dd4   0x00000010   Code   RO         1682    i.HAL_PWREx_GetVoltageRange  stm32l4xx_hal_pwr_ex.o
    0x08000de4   0x08000de4   0x00000010   Code   RO         1543    i.HAL_PWR_EnableBkUpAccess  stm32l4xx_hal_pwr.o
    0x08000df4   0x08000df4   0x00000010   Code   RO         1006    i.HAL_RCCEx_EnableMSIPLLMode  stm32l4xx_hal_rcc_ex.o
    0x08000e04   0x08000e04   0x000003ae   Code   RO         1013    i.HAL_RCCEx_PeriphCLKConfig  stm32l4xx_hal_rcc_ex.o
    0x080011b2   0x080011b2   0x00000002   PAD
    0x080011b4   0x080011b4   0x00000144   Code   RO          892    i.HAL_RCC_ClockConfig  stm32l4xx_hal_rcc.o
    0x080012f8   0x080012f8   0x00000024   Code   RO          898    i.HAL_RCC_GetPCLK1Freq  stm32l4xx_hal_rcc.o
    0x0800131c   0x0800131c   0x00000024   Code   RO          899    i.HAL_RCC_GetPCLK2Freq  stm32l4xx_hal_rcc.o
    0x08001340   0x08001340   0x000000a4   Code   RO          901    i.HAL_RCC_GetSysClockFreq  stm32l4xx_hal_rcc.o
    0x080013e4   0x080013e4   0x00000518   Code   RO          904    i.HAL_RCC_OscConfig  stm32l4xx_hal_rcc.o
    0x080018fc   0x080018fc   0x00000054   Code   RO         2121    i.HAL_RTC_GetTime   stm32l4xx_hal_rtc.o
    0x08001950   0x08001950   0x0000009c   Code   RO         2122    i.HAL_RTC_Init      stm32l4xx_hal_rtc.o
    0x080019ec   0x080019ec   0x00000044   Code   RO          264    i.HAL_RTC_MspInit   rtc.o
    0x08001a30   0x08001a30   0x000000a0   Code   RO         2128    i.HAL_RTC_SetDate   stm32l4xx_hal_rtc.o
    0x08001ad0   0x08001ad0   0x000000cc   Code   RO         2129    i.HAL_RTC_SetTime   stm32l4xx_hal_rtc.o
    0x08001b9c   0x08001b9c   0x00000036   Code   RO         2130    i.HAL_RTC_WaitForSynchro  stm32l4xx_hal_rtc.o
    0x08001bd2   0x08001bd2   0x00000006   Code   RO         2531    i.HAL_SPI_GetState  stm32l4xx_hal_spi.o
    0x08001bd8   0x08001bd8   0x000000e0   Code   RO         2533    i.HAL_SPI_Init      stm32l4xx_hal_spi.o
    0x08001cb8   0x08001cb8   0x000000a4   Code   RO          306    i.HAL_SPI_MspInit   spi.o
    0x08001d5c   0x08001d5c   0x0000018e   Code   RO         2541    i.HAL_SPI_Transmit  stm32l4xx_hal_spi.o
    0x08001eea   0x08001eea   0x00000268   Code   RO         2542    i.HAL_SPI_TransmitReceive  stm32l4xx_hal_spi.o
    0x08002152   0x08002152   0x00000028   Code   RO         1918    i.HAL_SYSTICK_Config  stm32l4xx_hal_cortex.o
    0x0800217a   0x0800217a   0x00000002   PAD
    0x0800217c   0x0800217c   0x0000009c   Code   RO         3611    i.HAL_TIMEx_MasterConfigSynchronization  stm32l4xx_hal_tim_ex.o
    0x08002218   0x08002218   0x00000062   Code   RO         2875    i.HAL_TIM_Base_Init  stm32l4xx_hal_tim.o
    0x0800227a   0x0800227a   0x00000002   PAD
    0x0800227c   0x0800227c   0x00000024   Code   RO          354    i.HAL_TIM_Base_MspInit  tim.o
    0x080022a0   0x080022a0   0x000000e0   Code   RO         2884    i.HAL_TIM_ConfigClockSource  stm32l4xx_hal_tim.o
    0x08002380   0x08002380   0x0000004c   Code   RO          355    i.HAL_TIM_MspPostInit  tim.o
    0x080023cc   0x080023cc   0x00000124   Code   RO         2947    i.HAL_TIM_PWM_ConfigChannel  stm32l4xx_hal_tim.o
    0x080024f0   0x080024f0   0x00000062   Code   RO         2950    i.HAL_TIM_PWM_Init  stm32l4xx_hal_tim.o
    0x08002552   0x08002552   0x00000002   Code   RO         2952    i.HAL_TIM_PWM_MspInit  stm32l4xx_hal_tim.o
    0x08002554   0x08002554   0x00000104   Code   RO         2955    i.HAL_TIM_PWM_Start  stm32l4xx_hal_tim.o
    0x08002658   0x08002658   0x00000066   Code   RO         3903    i.HAL_UART_Init     stm32l4xx_hal_uart.o
    0x080026be   0x080026be   0x00000002   PAD
    0x080026c0   0x080026c0   0x00000080   Code   RO          402    i.HAL_UART_MspInit  usart.o
    0x08002740   0x08002740   0x000000b6   Code   RO         3912    i.HAL_UART_Transmit  stm32l4xx_hal_uart.o
    0x080027f6   0x080027f6   0x00000002   Code   RO          446    i.HardFault_Handler  stm32l4xx_it.o
    0x080027f8   0x080027f8   0x0000001c   Code   RO          619    i.MX_FATFS_Init     fatfs.o
    0x08002814   0x08002814   0x00000144   Code   RO          239    i.MX_GPIO_Init      gpio.o
    0x08002958   0x08002958   0x0000008c   Code   RO          265    i.MX_RTC_Init       rtc.o
    0x080029e4   0x080029e4   0x00000050   Code   RO          307    i.MX_SPI1_Init      spi.o
    0x08002a34   0x08002a34   0x00000050   Code   RO          308    i.MX_SPI2_Init      spi.o
    0x08002a84   0x08002a84   0x00000098   Code   RO          356    i.MX_TIM2_Init      tim.o
    0x08002b1c   0x08002b1c   0x0000003c   Code   RO          403    i.MX_USART1_UART_Init  usart.o
    0x08002b58   0x08002b58   0x00000002   Code   RO          447    i.MemManage_Handler  stm32l4xx_it.o
    0x08002b5a   0x08002b5a   0x00000002   Code   RO          448    i.NMI_Handler       stm32l4xx_it.o
    0x08002b5c   0x08002b5c   0x00000002   Code   RO          449    i.PendSV_Handler    stm32l4xx_it.o
    0x08002b5e   0x08002b5e   0x00000002   PAD
    0x08002b60   0x08002b60   0x0000012c   Code   RO         1017    i.RCCEx_PLLSAI1_Config  stm32l4xx_hal_rcc_ex.o
    0x08002c8c   0x08002c8c   0x00000108   Code   RO         1018    i.RCCEx_PLLSAI2_Config  stm32l4xx_hal_rcc_ex.o
    0x08002d94   0x08002d94   0x0000007c   Code   RO          905    i.RCC_SetFlashLatencyFromMSIRange  stm32l4xx_hal_rcc.o
    0x08002e10   0x08002e10   0x00000012   Code   RO         2131    i.RTC_Bcd2ToByte    stm32l4xx_hal_rtc.o
    0x08002e22   0x08002e22   0x00000018   Code   RO         2132    i.RTC_ByteToBcd2    stm32l4xx_hal_rtc.o
    0x08002e3a   0x08002e3a   0x00000002   PAD
    0x08002e3c   0x08002e3c   0x00000046   Code   RO         2133    i.RTC_EnterInitMode  stm32l4xx_hal_rtc.o
    0x08002e82   0x08002e82   0x00000002   PAD
    0x08002e84   0x08002e84   0x00000058   Code   RO         2134    i.RTC_ExitInitMode  stm32l4xx_hal_rtc.o
    0x08002edc   0x08002edc   0x00000020   Code   RO          450    i.SDTimer_Handler   stm32l4xx_it.o
    0x08002efc   0x08002efc   0x00000070   Code   RO         5039    i.SD_PowerOn        fatfs_sd.o
    0x08002f6c   0x08002f6c   0x00000020   Code   RO         5040    i.SD_ReadyWait      fatfs_sd.o
    0x08002f8c   0x08002f8c   0x00000050   Code   RO         5041    i.SD_RxDataBlock    fatfs_sd.o
    0x08002fdc   0x08002fdc   0x0000006e   Code   RO         5042    i.SD_SendCmd        fatfs_sd.o
    0x0800304a   0x0800304a   0x0000004c   Code   RO         5043    i.SD_TxDataBlock    fatfs_sd.o
    0x08003096   0x08003096   0x00000002   PAD
    0x08003098   0x08003098   0x00000138   Code   RO         5044    i.SD_disk_initialize  fatfs_sd.o
    0x080031d0   0x080031d0   0x00000144   Code   RO         5045    i.SD_disk_ioctl     fatfs_sd.o
    0x08003314   0x08003314   0x00000098   Code   RO         5046    i.SD_disk_read      fatfs_sd.o
    0x080033ac   0x080033ac   0x00000010   Code   RO         5047    i.SD_disk_status    fatfs_sd.o
    0x080033bc   0x080033bc   0x000000b8   Code   RO         5048    i.SD_disk_write     fatfs_sd.o
    0x08003474   0x08003474   0x00000010   Code   RO         5049    i.SELECT            fatfs_sd.o
    0x08003484   0x08003484   0x00000048   Code   RO         2571    i.SPI_EndRxTxTransaction  stm32l4xx_hal_spi.o
    0x080034cc   0x080034cc   0x00000034   Code   RO         5050    i.SPI_RxByte        fatfs_sd.o
    0x08003500   0x08003500   0x00000020   Code   RO         5051    i.SPI_TxByte        fatfs_sd.o
    0x08003520   0x08003520   0x000000e6   Code   RO         2576    i.SPI_WaitFifoStateUntilTimeout  stm32l4xx_hal_spi.o
    0x08003606   0x08003606   0x00000002   PAD
    0x08003608   0x08003608   0x000000b8   Code   RO         2577    i.SPI_WaitFlagStateUntilTimeout  stm32l4xx_hal_spi.o
    0x080036c0   0x080036c0   0x00000002   Code   RO          451    i.SVC_Handler       stm32l4xx_it.o
    0x080036c2   0x080036c2   0x00000002   PAD
    0x080036c4   0x080036c4   0x00000024   Code   RO          452    i.SysTick_Handler   stm32l4xx_it.o
    0x080036e8   0x080036e8   0x00000094   Code   RO           15    i.SystemClock_Config  main.o
    0x0800377c   0x0800377c   0x00000010   Code   RO         4351    i.SystemInit        system_stm32l4xx.o
    0x0800378c   0x0800378c   0x000000c0   Code   RO         2968    i.TIM_Base_SetConfig  stm32l4xx_hal_tim.o
    0x0800384c   0x0800384c   0x0000001a   Code   RO         2969    i.TIM_CCxChannelCmd  stm32l4xx_hal_tim.o
    0x08003866   0x08003866   0x00000014   Code   RO         2979    i.TIM_ETR_SetConfig  stm32l4xx_hal_tim.o
    0x0800387a   0x0800387a   0x00000010   Code   RO         2980    i.TIM_ITRx_SetConfig  stm32l4xx_hal_tim.o
    0x0800388a   0x0800388a   0x00000002   PAD
    0x0800388c   0x0800388c   0x0000009c   Code   RO         2981    i.TIM_OC1_SetConfig  stm32l4xx_hal_tim.o
    0x08003928   0x08003928   0x00000090   Code   RO         2982    i.TIM_OC2_SetConfig  stm32l4xx_hal_tim.o
    0x080039b8   0x080039b8   0x00000090   Code   RO         2983    i.TIM_OC3_SetConfig  stm32l4xx_hal_tim.o
    0x08003a48   0x08003a48   0x00000074   Code   RO         2984    i.TIM_OC4_SetConfig  stm32l4xx_hal_tim.o
    0x08003abc   0x08003abc   0x00000070   Code   RO         2985    i.TIM_OC5_SetConfig  stm32l4xx_hal_tim.o
    0x08003b2c   0x08003b2c   0x00000070   Code   RO         2986    i.TIM_OC6_SetConfig  stm32l4xx_hal_tim.o
    0x08003b9c   0x08003b9c   0x00000022   Code   RO         2988    i.TIM_TI1_ConfigInputStage  stm32l4xx_hal_tim.o
    0x08003bbe   0x08003bbe   0x00000024   Code   RO         2990    i.TIM_TI2_ConfigInputStage  stm32l4xx_hal_tim.o
    0x08003be2   0x08003be2   0x000000c8   Code   RO         3917    i.UART_AdvFeatureConfig  stm32l4xx_hal_uart.o
    0x08003caa   0x08003caa   0x0000005c   Code   RO         3918    i.UART_CheckIdleState  stm32l4xx_hal_uart.o
    0x08003d06   0x08003d06   0x00000002   PAD
    0x08003d08   0x08003d08   0x00000248   Code   RO         3933    i.UART_SetConfig    stm32l4xx_hal_uart.o
    0x08003f50   0x08003f50   0x000000c6   Code   RO         3938    i.UART_WaitOnFlagUntilTimeout  stm32l4xx_hal_uart.o
    0x08004016   0x08004016   0x00000004   Code   RO          559    i.USER_initialize   user_diskio.o
    0x0800401a   0x0800401a   0x00000004   Code   RO          560    i.USER_ioctl        user_diskio.o
    0x0800401e   0x0800401e   0x00000004   Code   RO          561    i.USER_read         user_diskio.o
    0x08004022   0x08004022   0x00000004   Code   RO          562    i.USER_status       user_diskio.o
    0x08004026   0x08004026   0x00000004   Code   RO          563    i.USER_write        user_diskio.o
    0x0800402a   0x0800402a   0x00000002   Code   RO          453    i.UsageFault_Handler  stm32l4xx_it.o
    0x0800402c   0x0800402c   0x00000020   Code   RO         1920    i.__NVIC_SetPriority  stm32l4xx_hal_cortex.o
    0x0800404c   0x0800404c   0x0000000e   Code   RO         5160    i._is_digit         c_w.l(__printf_wp.o)
    0x0800405a   0x0800405a   0x00000002   PAD
    0x0800405c   0x0800405c   0x00000070   Code   RO         4443    i.check_fs          ff.o
    0x080040cc   0x080040cc   0x00000010   Code   RO         4444    i.chk_chr           ff.o
    0x080040dc   0x080040dc   0x0000005c   Code   RO         4445    i.chk_lock          ff.o
    0x08004138   0x08004138   0x00000020   Code   RO         4446    i.clear_lock        ff.o
    0x08004158   0x08004158   0x00000024   Code   RO         4447    i.clmt_clust        ff.o
    0x0800417c   0x0800417c   0x00000018   Code   RO         4448    i.clust2sect        ff.o
    0x08004194   0x08004194   0x00000086   Code   RO         4449    i.cmp_lfn           ff.o
    0x0800421a   0x0800421a   0x000000a4   Code   RO         4450    i.create_chain      ff.o
    0x080042be   0x080042be   0x00000002   PAD
    0x080042c0   0x080042c0   0x0000024a   Code   RO         4451    i.create_name       ff.o
    0x0800450a   0x0800450a   0x00000002   PAD
    0x0800450c   0x0800450c   0x00000034   Code   RO         4452    i.dec_lock          ff.o
    0x08004540   0x08004540   0x000000d0   Code   RO         4453    i.dir_find          ff.o
    0x08004610   0x08004610   0x000000f4   Code   RO         4454    i.dir_next          ff.o
    0x08004704   0x08004704   0x000001ea   Code   RO         4456    i.dir_register      ff.o
    0x080048ee   0x080048ee   0x00000082   Code   RO         4458    i.dir_sdi           ff.o
    0x08004970   0x08004970   0x00000028   Code   RO         4388    i.disk_initialize   diskio.o
    0x08004998   0x08004998   0x0000001c   Code   RO         4389    i.disk_ioctl        diskio.o
    0x080049b4   0x080049b4   0x0000001c   Code   RO         4390    i.disk_read         diskio.o
    0x080049d0   0x080049d0   0x00000018   Code   RO         4391    i.disk_status       diskio.o
    0x080049e8   0x080049e8   0x0000001c   Code   RO         4392    i.disk_write        diskio.o
    0x08004a04   0x08004a04   0x00000052   Code   RO         4459    i.f_chdir           ff.o
    0x08004a56   0x08004a56   0x00000028   Code   RO         4460    i.f_close           ff.o
    0x08004a7e   0x08004a7e   0x00000218   Code   RO         4464    i.f_lseek           ff.o
    0x08004c96   0x08004c96   0x00000002   PAD
    0x08004c98   0x08004c98   0x00000162   Code   RO         4465    i.f_mkdir           ff.o
    0x08004dfa   0x08004dfa   0x00000002   PAD
    0x08004dfc   0x08004dfc   0x00000058   Code   RO         4467    i.f_mount           ff.o
    0x08004e54   0x08004e54   0x0000020c   Code   RO         4468    i.f_open            ff.o
    0x08005060   0x08005060   0x0000008e   Code   RO         4477    i.f_sync            ff.o
    0x080050ee   0x080050ee   0x00000194   Code   RO         4480    i.f_write           ff.o
    0x08005282   0x08005282   0x00000002   PAD
    0x08005284   0x08005284   0x00000038   Code   RO         4880    i.ff_convert        ccsbcs.o
    0x080052bc   0x080052bc   0x00000080   Code   RO         4881    i.ff_wtoupper       ccsbcs.o
    0x0800533c   0x0800533c   0x00000260   Code   RO         4481    i.find_volume       ff.o
    0x0800559c   0x0800559c   0x00000094   Code   RO         4482    i.follow_path       ff.o
    0x08005630   0x08005630   0x00000080   Code   RO         4483    i.gen_numname       ff.o
    0x080056b0   0x080056b0   0x000000be   Code   RO         4484    i.get_fat           ff.o
    0x0800576e   0x0800576e   0x00000004   Code   RO          620    i.get_fattime       fatfs.o
    0x08005772   0x08005772   0x0000003c   Code   RO         4486    i.get_ldnumber      ff.o
    0x080057ae   0x080057ae   0x00000002   PAD
    0x080057b0   0x080057b0   0x00000080   Code   RO         4487    i.inc_lock          ff.o
    0x08005830   0x08005830   0x00000026   Code   RO         4488    i.ld_clust          ff.o
    0x08005856   0x08005856   0x00000016   Code   RO         4489    i.ld_dword          ff.o
    0x0800586c   0x0800586c   0x0000000a   Code   RO         4490    i.ld_word           ff.o
    0x08005876   0x08005876   0x00000002   PAD
    0x08005878   0x08005878   0x00000178   Code   RO           16    i.main              main.o
    0x080059f0   0x080059f0   0x00000012   Code   RO         4491    i.mem_cpy           ff.o
    0x08005a02   0x08005a02   0x00000002   PAD
    0x08005a04   0x08005a04   0x0000000e   Code   RO         4492    i.mem_set           ff.o
    0x08005a12   0x08005a12   0x00000032   Code   RO         4493    i.move_window       ff.o
    0x08005a44   0x08005a44   0x000000ea   Code   RO         4495    i.put_fat           ff.o
    0x08005b2e   0x08005b2e   0x00000074   Code   RO         4498    i.remove_chain      ff.o
    0x08005ba2   0x08005ba2   0x00000002   PAD
    0x08005ba4   0x08005ba4   0x00000020   Code   RO           17    i.send_uart         main.o
    0x08005bc4   0x08005bc4   0x00000028   Code   RO         4499    i.st_clust          ff.o
    0x08005bec   0x08005bec   0x00000010   Code   RO         4500    i.st_dword          ff.o
    0x08005bfc   0x08005bfc   0x00000008   Code   RO         4501    i.st_word           ff.o
    0x08005c04   0x08005c04   0x0000001a   Code   RO         4502    i.sum_sfn           ff.o
    0x08005c1e   0x08005c1e   0x00000002   PAD
    0x08005c20   0x08005c20   0x00000088   Code   RO         4503    i.sync_fs           ff.o
    0x08005ca8   0x08005ca8   0x00000052   Code   RO         4504    i.sync_window       ff.o
    0x08005cfa   0x08005cfa   0x00000034   Code   RO         4505    i.validate          ff.o
    0x08005d2e   0x08005d2e   0x00000002   PAD
    0x08005d30   0x08005d30   0x00000020   Code   RO         5052    i.xchg_spi          fatfs_sd.o
    0x08005d50   0x08005d50   0x0000000a   Code   RO         5296    x$fpl$fpinit        fz_wm.l(fpinit.o)
    0x08005d5a   0x08005d5a   0x00000002   PAD
    0x08005d5c   0x08005d5c   0x00000040   Data   RO         4352    .constdata          system_stm32l4xx.o
    0x08005d9c   0x08005d9c   0x00000008   Data   RO         4353    .constdata          system_stm32l4xx.o
    0x08005da4   0x08005da4   0x000000aa   Data   RO         4507    .constdata          ff.o
    0x08005e4e   0x08005e4e   0x000003ae   Data   RO         4882    .constdata          ccsbcs.o
    0x080061fc   0x080061fc   0x00000011   Data   RO         5163    .constdata          c_w.l(__printf_flags_wp.o)
    0x0800620d   0x0800620d   0x00000003   PAD
    0x08006210   0x08006210   0x00000030   Data   RO         5354    Region$$Table       anon$$obj.o


    Execution Region RW_IRAM2 (Exec base: 0x10000000, Load base: 0x08006240, Size: 0x00000ac0, Max: 0x00008000, ABSOLUTE)

    Exec Addr    Load Addr    Size         Type   Attr      Idx    E Section Name        Object

    0x10000000   0x08006240   0x00000004   Data   RW           21    .data               main.o
    0x10000004   0x08006244   0x00000010   Data   RW           22    .data               main.o
    0x10000014   0x08006254   0x00000004   Data   RW           23    .data               main.o
    0x10000018   0x08006258   0x00000006   Data   RW          454    .data               stm32l4xx_it.o
    0x1000001e   0x0800625e   0x00000002   PAD
    0x10000020   0x08006260   0x00000014   Data   RW          564    .data               user_diskio.o
    0x10000034   0x08006274   0x00000005   Data   RW          623    .data               fatfs.o
    0x10000039   0x08006279   0x00000003   PAD
    0x1000003c   0x0800627c   0x0000000c   Data   RW          692    .data               stm32l4xx_hal.o
    0x10000048   0x08006288   0x00000004   Data   RW         4354    .data               system_stm32l4xx.o
    0x1000004c   0x0800628c   0x00000008   Data   RW         4508    .data               ff.o
    0x10000054   0x08006294   0x0000001d   Data   RW         4931    .data               ads1298.o
    0x10000071   0x080062b1   0x00000003   Data   RW         5053    .data               fatfs_sd.o
    0x10000074        -       0x00000024   Zero   RW          266    .bss                rtc.o
    0x10000098        -       0x000000c8   Zero   RW          309    .bss                spi.o
    0x10000160        -       0x0000004c   Zero   RW          357    .bss                tim.o
    0x100001ac        -       0x00000084   Zero   RW          404    .bss                usart.o
    0x10000230        -       0x00000220   Zero   RW         4506    .bss                ff.o
    0x10000450        -       0x0000000c   Zero   RW         4810    .bss                ff_gen_drv.o
    0x1000045c        -       0x00000060   Zero   RW         5226    .bss                c_w.l(libspace.o)
    0x100004bc   0x080062b4   0x00000004   PAD
    0x100004c0        -       0x00000200   Zero   RW            2    HEAP                startup_stm32l475xx.o
    0x100006c0        -       0x00000400   Zero   RW            1    STACK               startup_stm32l475xx.o


    Execution Region RW_IRAM1 (Exec base: 0x20000000, Load base: 0x08006240, Size: 0x0001410c, Max: 0x00018000, ABSOLUTE)

    Exec Addr    Load Addr    Size         Type   Attr      Idx    E Section Name        Object

    0x20000000        -       0x00006978   Zero   RW           18    .bss                main.o
    0x20006978        -       0x0000d794   Zero   RW           19    .bss                main.o


==============================================================================

Image component sizes


      Code (inc. data)   RO Data    RW Data    ZI Data      Debug   Object Name

       374         58          0         29          0       6545   ads1298.o
       184         22        942          0          0       2351   ccsbcs.o
       148         22          0          0          0       3865   diskio.o
        32         10          0          5          0       1624   fatfs.o
      1546         70          0          3          0      12299   fatfs_sd.o
      6614        104        170          8        544      47231   ff.o
        70          6          0          0         12       1699   ff_gen_drv.o
       324         16          0          0          0       1119   gpio.o
       560        100          0         24      82188     856821   main.o
       208         16          0          0         36       1787   rtc.o
       324         38          0          0        200       2502   spi.o
        64         26        392          0       1536        868   startup_stm32l475xx.o
       162         24          0         12          0      14565   stm32l4xx_hal.o
       198         14          0          0          0      33967   stm32l4xx_hal_cortex.o
       578         42          0          0          0       3652   stm32l4xx_hal_gpio.o
        44          6          0          0          0        898   stm32l4xx_hal_msp.o
        16          4          0          0          0        567   stm32l4xx_hal_pwr.o
       120         20          0          0          0       1410   stm32l4xx_hal_pwr_ex.o
      1988         98          0          0          0       7084   stm32l4xx_hal_rcc.o
      1522         48          0          0          0       4725   stm32l4xx_hal_rcc_ex.o
       858         28          0          0          0       7629   stm32l4xx_hal_rtc.o
      1730         10          0          0          0       8747   stm32l4xx_hal_spi.o
      2082        220          0          0          0      15120   stm32l4xx_hal_tim.o
       156         26          0          0          0       1484   stm32l4xx_hal_tim_ex.o
      1358         62          0          0          0       6701   stm32l4xx_hal_uart.o
       204         48          0          6          0       6551   stm32l4xx_it.o
         0          0          0          0          0        564   syscall.o
        16          4         72          4          0       1253   system_stm32l4xx.o
       264         16          0          0         76       2484   tim.o
       188         22          0          0        132       1850   usart.o
        20          0          0         20          0       3704   user_diskio.o

    ----------------------------------------------------------------------
     22014       1180       1624        116      84724    1061666   Object Totals
         0          0         48          0          0          0   (incl. Generated)
        62          0          0          5          0          0   (incl. Padding)

    ----------------------------------------------------------------------

      Code (inc. data)   RO Data    RW Data    ZI Data      Debug   Library Member Name

         8          0          0          0          0         68   __main.o
       318          4         17          0          0         92   __printf_flags_wp.o
        14          0          0          0          0         68   __printf_wp.o
         0          0          0          0          0          0   __rtentry.o
        12          0          0          0          0          0   __rtentry2.o
         6          0          0          0          0          0   __rtentry4.o
        52          8          0          0          0          0   __scatter.o
        26          0          0          0          0          0   __scatter_copy.o
        28          0          0          0          0          0   __scatter_zi.o
        48          6          0          0          0         96   _printf_char_common.o
         6          0          0          0          0          0   _printf_d.o
       120         16          0          0          0         92   _printf_dec.o
       178          0          0          0          0         88   _printf_intcommon.o
        78          0          0          0          0        108   _printf_pad.o
         0          0          0          0          0          0   _printf_percent.o
         4          0          0          0          0          0   _printf_percent_end.o
        10          0          0          0          0         68   _sputc.o
        18          0          0          0          0         80   exit.o
         6          0          0          0          0        152   heapauxi.o
         0          0          0          0          0          0   indicate_semi.o
         2          0          0          0          0          0   libinit.o
         6          0          0          0          0          0   libinit2.o
         2          0          0          0          0          0   libshutdown.o
         2          0          0          0          0          0   libshutdown2.o
         8          4          0          0         96         68   libspace.o
       238          0          0          0          0        100   lludivv7m.o
        40          6          0          0          0         84   noretval__2sprintf.o
        78          0          0          0          0         80   rt_memclr_w.o
         2          0          0          0          0          0   rtexit.o
        10          0          0          0          0          0   rtexit2.o
        62          0          0          0          0         76   strlen.o
        12          4          0          0          0         68   sys_exit.o
        74          0          0          0          0         80   sys_stackheap_outer.o
         2          0          0          0          0         68   use_no_semi.o
        10          0          0          0          0        116   fpinit.o

    ----------------------------------------------------------------------
      1494         48         20          0        100       1652   Library Totals
        14          0          3          0          4          0   (incl. Padding)

    ----------------------------------------------------------------------

      Code (inc. data)   RO Data    RW Data    ZI Data      Debug   Library Name

      1470         48         17          0         96       1536   c_w.l
        10          0          0          0          0        116   fz_wm.l

    ----------------------------------------------------------------------
      1494         48         20          0        100       1652   Library Totals

    ----------------------------------------------------------------------

==============================================================================


      Code (inc. data)   RO Data    RW Data    ZI Data      Debug   

     23508       1228       1644        116      84824    1045290   Grand Totals
     23508       1228       1644        116      84824    1045290   ELF Image Totals
     23508       1228       1644        116          0          0   ROM Totals

==============================================================================

    Total RO  Size (Code + RO Data)                25152 (  24.56kB)
    Total RW  Size (RW Data + ZI Data)             84940 (  82.95kB)
    Total ROM Size (Code + RO Data + RW Data)      25268 (  24.68kB)

==============================================================================

